

================================================================
== Vivado HLS Report for 'conv_compute'
================================================================
* Date:           Tue May 21 19:25:26 2019

* Version:        2017.2 (Build 1909853 on Thu Jun 15 18:55:24 MDT 2017)
* Project:        conv3d_proj
* Solution:       solution1
* Product family: virtexu
* Target device:  xcvu095-ffvc1517-2-e


================================================================
== Performance Estimates
================================================================
+ Timing (ns): 
    * Summary: 
    +--------+-------+----------+------------+
    |  Clock | Target| Estimated| Uncertainty|
    +--------+-------+----------+------------+
    |ap_clk  |   4.00|      3.55|        0.50|
    +--------+-------+----------+------------+

+ Latency (clock cycles): 
    * Summary: 
    +-----+--------+-----+--------+---------+
    |    Latency   |   Interval   | Pipeline|
    | min |   max  | min |   max  |   Type  |
    +-----+--------+-----+--------+---------+
    |   30|  729080|   30|  729080|   none  |
    +-----+--------+-----+--------+---------+

    + Detail: 
        * Instance: 
        N/A

        * Loop: 
        +----------+-----+--------+----------+-----------+-----------+------------+----------+
        |          |    Latency   | Iteration|  Initiation Interval  |    Trip    |          |
        | Loop Name| min |   max  |  Latency |  achieved |   target  |    Count   | Pipelined|
        +----------+-----+--------+----------+-----------+-----------+------------+----------+
        |- Loop 1  |    6|  729056|        58|          1|          1| 0 ~ 729000 |    yes   |
        +----------+-----+--------+----------+-----------+-----------+------------+----------+



================================================================
== Utilization Estimates
================================================================
* Summary: 
+-----------------+---------+-------+---------+--------+
|       Name      | BRAM_18K| DSP48E|    FF   |   LUT  |
+-----------------+---------+-------+---------+--------+
|DSP              |        -|      2|        -|       -|
|Expression       |        -|      -|     3059|    2996|
|FIFO             |        -|      -|        -|       -|
|Instance         |        -|    416|    33788|   27536|
|Memory           |        -|      -|        -|       -|
|Multiplexer      |        -|      -|        -|     265|
|Register         |        -|      -|    10836|     928|
+-----------------+---------+-------+---------+--------+
|Total            |        0|    418|    47683|   31725|
+-----------------+---------+-------+---------+--------+
|Available        |     3456|    768|  1075200|  537600|
+-----------------+---------+-------+---------+--------+
|Utilization (%)  |        0|     54|        4|       5|
+-----------------+---------+-------+---------+--------+

+ Detail: 
    * Instance: 
    +-----------------------------+----------------------+---------+-------+-----+-----+
    |           Instance          |        Module        | BRAM_18K| DSP48E|  FF | LUT |
    +-----------------------------+----------------------+---------+-------+-----+-----+
    |conv3d_layer_faddqcK_U410    |conv3d_layer_faddqcK  |        0|      2|  324|  239|
    |conv3d_layer_faddqcK_U411    |conv3d_layer_faddqcK  |        0|      2|  324|  239|
    |conv3d_layer_faddqcK_U412    |conv3d_layer_faddqcK  |        0|      2|  324|  239|
    |conv3d_layer_faddqcK_U413    |conv3d_layer_faddqcK  |        0|      2|  324|  239|
    |conv3d_layer_faddqcK_U414    |conv3d_layer_faddqcK  |        0|      2|  324|  239|
    |conv3d_layer_faddqcK_U415    |conv3d_layer_faddqcK  |        0|      2|  324|  239|
    |conv3d_layer_faddqcK_U416    |conv3d_layer_faddqcK  |        0|      2|  324|  239|
    |conv3d_layer_faddqcK_U417    |conv3d_layer_faddqcK  |        0|      2|  324|  239|
    |conv3d_layer_faddqcK_U418    |conv3d_layer_faddqcK  |        0|      2|  324|  239|
    |conv3d_layer_faddqcK_U419    |conv3d_layer_faddqcK  |        0|      2|  324|  239|
    |conv3d_layer_faddqcK_U420    |conv3d_layer_faddqcK  |        0|      2|  324|  239|
    |conv3d_layer_faddqcK_U421    |conv3d_layer_faddqcK  |        0|      2|  324|  239|
    |conv3d_layer_faddqcK_U422    |conv3d_layer_faddqcK  |        0|      2|  324|  239|
    |conv3d_layer_faddqcK_U423    |conv3d_layer_faddqcK  |        0|      2|  324|  239|
    |conv3d_layer_faddqcK_U424    |conv3d_layer_faddqcK  |        0|      2|  324|  239|
    |conv3d_layer_faddqcK_U425    |conv3d_layer_faddqcK  |        0|      2|  324|  239|
    |conv3d_layer_faddqcK_U426    |conv3d_layer_faddqcK  |        0|      2|  324|  239|
    |conv3d_layer_faddqcK_U427    |conv3d_layer_faddqcK  |        0|      2|  324|  239|
    |conv3d_layer_faddqcK_U428    |conv3d_layer_faddqcK  |        0|      2|  324|  239|
    |conv3d_layer_faddqcK_U429    |conv3d_layer_faddqcK  |        0|      2|  324|  239|
    |conv3d_layer_faddqcK_U430    |conv3d_layer_faddqcK  |        0|      2|  324|  239|
    |conv3d_layer_faddqcK_U431    |conv3d_layer_faddqcK  |        0|      2|  324|  239|
    |conv3d_layer_faddqcK_U432    |conv3d_layer_faddqcK  |        0|      2|  324|  239|
    |conv3d_layer_faddqcK_U433    |conv3d_layer_faddqcK  |        0|      2|  324|  239|
    |conv3d_layer_faddqcK_U434    |conv3d_layer_faddqcK  |        0|      2|  324|  239|
    |conv3d_layer_faddqcK_U435    |conv3d_layer_faddqcK  |        0|      2|  324|  239|
    |conv3d_layer_faddqcK_U436    |conv3d_layer_faddqcK  |        0|      2|  324|  239|
    |conv3d_layer_faddqcK_U437    |conv3d_layer_faddqcK  |        0|      2|  324|  239|
    |conv3d_layer_faddqcK_U438    |conv3d_layer_faddqcK  |        0|      2|  324|  239|
    |conv3d_layer_faddqcK_U439    |conv3d_layer_faddqcK  |        0|      2|  324|  239|
    |conv3d_layer_faddqcK_U440    |conv3d_layer_faddqcK  |        0|      2|  324|  239|
    |conv3d_layer_faddqcK_U441    |conv3d_layer_faddqcK  |        0|      2|  324|  239|
    |conv3d_layer_faddqcK_U442    |conv3d_layer_faddqcK  |        0|      2|  324|  239|
    |conv3d_layer_faddqcK_U443    |conv3d_layer_faddqcK  |        0|      2|  324|  239|
    |conv3d_layer_faddqcK_U444    |conv3d_layer_faddqcK  |        0|      2|  324|  239|
    |conv3d_layer_faddqcK_U445    |conv3d_layer_faddqcK  |        0|      2|  324|  239|
    |conv3d_layer_faddqcK_U446    |conv3d_layer_faddqcK  |        0|      2|  324|  239|
    |conv3d_layer_faddqcK_U447    |conv3d_layer_faddqcK  |        0|      2|  324|  239|
    |conv3d_layer_faddqcK_U448    |conv3d_layer_faddqcK  |        0|      2|  324|  239|
    |conv3d_layer_faddqcK_U449    |conv3d_layer_faddqcK  |        0|      2|  324|  239|
    |conv3d_layer_faddqcK_U450    |conv3d_layer_faddqcK  |        0|      2|  324|  239|
    |conv3d_layer_faddqcK_U451    |conv3d_layer_faddqcK  |        0|      2|  324|  239|
    |conv3d_layer_faddqcK_U452    |conv3d_layer_faddqcK  |        0|      2|  324|  239|
    |conv3d_layer_faddqcK_U453    |conv3d_layer_faddqcK  |        0|      2|  324|  239|
    |conv3d_layer_faddqcK_U454    |conv3d_layer_faddqcK  |        0|      2|  324|  239|
    |conv3d_layer_faddqcK_U455    |conv3d_layer_faddqcK  |        0|      2|  324|  239|
    |conv3d_layer_faddqcK_U456    |conv3d_layer_faddqcK  |        0|      2|  324|  239|
    |conv3d_layer_faddqcK_U457    |conv3d_layer_faddqcK  |        0|      2|  324|  239|
    |conv3d_layer_faddqcK_U466    |conv3d_layer_faddqcK  |        0|      2|  324|  239|
    |conv3d_layer_faddqcK_U467    |conv3d_layer_faddqcK  |        0|      2|  324|  239|
    |conv3d_layer_faddqcK_U468    |conv3d_layer_faddqcK  |        0|      2|  324|  239|
    |conv3d_layer_faddqcK_U469    |conv3d_layer_faddqcK  |        0|      2|  324|  239|
    |conv3d_layer_faddqcK_U470    |conv3d_layer_faddqcK  |        0|      2|  324|  239|
    |conv3d_layer_faddqcK_U471    |conv3d_layer_faddqcK  |        0|      2|  324|  239|
    |conv3d_layer_faddqcK_U472    |conv3d_layer_faddqcK  |        0|      2|  324|  239|
    |conv3d_layer_faddqcK_U473    |conv3d_layer_faddqcK  |        0|      2|  324|  239|
    |conv3d_layer_faddrcU_U458    |conv3d_layer_faddrcU  |        0|      0|  278|  411|
    |conv3d_layer_faddrcU_U459    |conv3d_layer_faddrcU  |        0|      0|  278|  411|
    |conv3d_layer_faddrcU_U460    |conv3d_layer_faddrcU  |        0|      0|  278|  411|
    |conv3d_layer_faddrcU_U461    |conv3d_layer_faddrcU  |        0|      0|  278|  411|
    |conv3d_layer_faddrcU_U462    |conv3d_layer_faddrcU  |        0|      0|  278|  411|
    |conv3d_layer_faddrcU_U463    |conv3d_layer_faddrcU  |        0|      0|  278|  411|
    |conv3d_layer_faddrcU_U464    |conv3d_layer_faddrcU  |        0|      0|  278|  411|
    |conv3d_layer_faddrcU_U465    |conv3d_layer_faddrcU  |        0|      0|  278|  411|
    |conv3d_layer_fmulsc4_U474    |conv3d_layer_fmulsc4  |        0|      3|  151|  145|
    |conv3d_layer_fmulsc4_U475    |conv3d_layer_fmulsc4  |        0|      3|  151|  145|
    |conv3d_layer_fmulsc4_U476    |conv3d_layer_fmulsc4  |        0|      3|  151|  145|
    |conv3d_layer_fmulsc4_U477    |conv3d_layer_fmulsc4  |        0|      3|  151|  145|
    |conv3d_layer_fmulsc4_U478    |conv3d_layer_fmulsc4  |        0|      3|  151|  145|
    |conv3d_layer_fmulsc4_U479    |conv3d_layer_fmulsc4  |        0|      3|  151|  145|
    |conv3d_layer_fmulsc4_U480    |conv3d_layer_fmulsc4  |        0|      3|  151|  145|
    |conv3d_layer_fmulsc4_U481    |conv3d_layer_fmulsc4  |        0|      3|  151|  145|
    |conv3d_layer_fmulsc4_U482    |conv3d_layer_fmulsc4  |        0|      3|  151|  145|
    |conv3d_layer_fmulsc4_U483    |conv3d_layer_fmulsc4  |        0|      3|  151|  145|
    |conv3d_layer_fmulsc4_U484    |conv3d_layer_fmulsc4  |        0|      3|  151|  145|
    |conv3d_layer_fmulsc4_U485    |conv3d_layer_fmulsc4  |        0|      3|  151|  145|
    |conv3d_layer_fmulsc4_U486    |conv3d_layer_fmulsc4  |        0|      3|  151|  145|
    |conv3d_layer_fmulsc4_U487    |conv3d_layer_fmulsc4  |        0|      3|  151|  145|
    |conv3d_layer_fmulsc4_U488    |conv3d_layer_fmulsc4  |        0|      3|  151|  145|
    |conv3d_layer_fmulsc4_U489    |conv3d_layer_fmulsc4  |        0|      3|  151|  145|
    |conv3d_layer_fmulsc4_U490    |conv3d_layer_fmulsc4  |        0|      3|  151|  145|
    |conv3d_layer_fmulsc4_U491    |conv3d_layer_fmulsc4  |        0|      3|  151|  145|
    |conv3d_layer_fmulsc4_U492    |conv3d_layer_fmulsc4  |        0|      3|  151|  145|
    |conv3d_layer_fmulsc4_U493    |conv3d_layer_fmulsc4  |        0|      3|  151|  145|
    |conv3d_layer_fmulsc4_U494    |conv3d_layer_fmulsc4  |        0|      3|  151|  145|
    |conv3d_layer_fmulsc4_U495    |conv3d_layer_fmulsc4  |        0|      3|  151|  145|
    |conv3d_layer_fmulsc4_U496    |conv3d_layer_fmulsc4  |        0|      3|  151|  145|
    |conv3d_layer_fmulsc4_U497    |conv3d_layer_fmulsc4  |        0|      3|  151|  145|
    |conv3d_layer_fmulsc4_U498    |conv3d_layer_fmulsc4  |        0|      3|  151|  145|
    |conv3d_layer_fmulsc4_U499    |conv3d_layer_fmulsc4  |        0|      3|  151|  145|
    |conv3d_layer_fmulsc4_U500    |conv3d_layer_fmulsc4  |        0|      3|  151|  145|
    |conv3d_layer_fmulsc4_U501    |conv3d_layer_fmulsc4  |        0|      3|  151|  145|
    |conv3d_layer_fmulsc4_U502    |conv3d_layer_fmulsc4  |        0|      3|  151|  145|
    |conv3d_layer_fmulsc4_U503    |conv3d_layer_fmulsc4  |        0|      3|  151|  145|
    |conv3d_layer_fmulsc4_U504    |conv3d_layer_fmulsc4  |        0|      3|  151|  145|
    |conv3d_layer_fmulsc4_U505    |conv3d_layer_fmulsc4  |        0|      3|  151|  145|
    |conv3d_layer_fmulsc4_U506    |conv3d_layer_fmulsc4  |        0|      3|  151|  145|
    |conv3d_layer_fmulsc4_U507    |conv3d_layer_fmulsc4  |        0|      3|  151|  145|
    |conv3d_layer_fmulsc4_U508    |conv3d_layer_fmulsc4  |        0|      3|  151|  145|
    |conv3d_layer_fmulsc4_U509    |conv3d_layer_fmulsc4  |        0|      3|  151|  145|
    |conv3d_layer_fmulsc4_U510    |conv3d_layer_fmulsc4  |        0|      3|  151|  145|
    |conv3d_layer_fmulsc4_U511    |conv3d_layer_fmulsc4  |        0|      3|  151|  145|
    |conv3d_layer_fmulsc4_U512    |conv3d_layer_fmulsc4  |        0|      3|  151|  145|
    |conv3d_layer_fmulsc4_U513    |conv3d_layer_fmulsc4  |        0|      3|  151|  145|
    |conv3d_layer_fmulsc4_U514    |conv3d_layer_fmulsc4  |        0|      3|  151|  145|
    |conv3d_layer_fmulsc4_U515    |conv3d_layer_fmulsc4  |        0|      3|  151|  145|
    |conv3d_layer_fmulsc4_U516    |conv3d_layer_fmulsc4  |        0|      3|  151|  145|
    |conv3d_layer_fmulsc4_U517    |conv3d_layer_fmulsc4  |        0|      3|  151|  145|
    |conv3d_layer_fmulsc4_U518    |conv3d_layer_fmulsc4  |        0|      3|  151|  145|
    |conv3d_layer_fmulsc4_U519    |conv3d_layer_fmulsc4  |        0|      3|  151|  145|
    |conv3d_layer_fmulsc4_U520    |conv3d_layer_fmulsc4  |        0|      3|  151|  145|
    |conv3d_layer_fmulsc4_U521    |conv3d_layer_fmulsc4  |        0|      3|  151|  145|
    |conv3d_layer_fmulsc4_U522    |conv3d_layer_fmulsc4  |        0|      3|  151|  145|
    |conv3d_layer_fmulsc4_U523    |conv3d_layer_fmulsc4  |        0|      3|  151|  145|
    |conv3d_layer_fmulsc4_U524    |conv3d_layer_fmulsc4  |        0|      3|  151|  145|
    |conv3d_layer_fmulsc4_U525    |conv3d_layer_fmulsc4  |        0|      3|  151|  145|
    |conv3d_layer_fmulsc4_U526    |conv3d_layer_fmulsc4  |        0|      3|  151|  145|
    |conv3d_layer_fmulsc4_U527    |conv3d_layer_fmulsc4  |        0|      3|  151|  145|
    |conv3d_layer_fmulsc4_U528    |conv3d_layer_fmulsc4  |        0|      3|  151|  145|
    |conv3d_layer_fmulsc4_U529    |conv3d_layer_fmulsc4  |        0|      3|  151|  145|
    |conv3d_layer_fmulsc4_U530    |conv3d_layer_fmulsc4  |        0|      3|  151|  145|
    |conv3d_layer_fmulsc4_U531    |conv3d_layer_fmulsc4  |        0|      3|  151|  145|
    |conv3d_layer_fmulsc4_U532    |conv3d_layer_fmulsc4  |        0|      3|  151|  145|
    |conv3d_layer_fmulsc4_U533    |conv3d_layer_fmulsc4  |        0|      3|  151|  145|
    |conv3d_layer_fmulsc4_U534    |conv3d_layer_fmulsc4  |        0|      3|  151|  145|
    |conv3d_layer_fmulsc4_U535    |conv3d_layer_fmulsc4  |        0|      3|  151|  145|
    |conv3d_layer_fmulsc4_U536    |conv3d_layer_fmulsc4  |        0|      3|  151|  145|
    |conv3d_layer_fmulsc4_U537    |conv3d_layer_fmulsc4  |        0|      3|  151|  145|
    |conv3d_layer_mul_cud_x_U538  |conv3d_layer_mul_cud  |        0|      4|  166|   49|
    |conv3d_layer_mul_dEe_x_U539  |conv3d_layer_mul_dEe  |        0|     16|  441|  249|
    |conv3d_layer_mul_hbi_x_U544  |conv3d_layer_mul_hbi  |        0|      4|  166|   49|
    |conv3d_layer_mul_hbi_x_U548  |conv3d_layer_mul_hbi  |        0|      4|  166|   49|
    |conv3d_layer_mul_jbC_x_U551  |conv3d_layer_mul_jbC  |        0|      4|  166|   49|
    |conv3d_layer_mul_jbC_x_U552  |conv3d_layer_mul_jbC  |        0|      4|  166|   49|
    |conv3d_layer_mul_jbC_x_U553  |conv3d_layer_mul_jbC  |        0|      4|  166|   49|
    |conv3d_layer_mul_tde_U540    |conv3d_layer_mul_tde  |        0|     16|  441|  249|
    |conv3d_layer_mul_udo_U541    |conv3d_layer_mul_udo  |        0|     16|  441|  249|
    |conv3d_layer_mul_vdy_U542    |conv3d_layer_mul_vdy  |        0|     16|  441|  249|
    |conv3d_layer_mul_wdI_U543    |conv3d_layer_mul_wdI  |        0|      4|  166|   49|
    |conv3d_layer_mul_wdI_U545    |conv3d_layer_mul_wdI  |        0|      4|  166|   49|
    |conv3d_layer_mul_wdI_U546    |conv3d_layer_mul_wdI  |        0|      4|  166|   49|
    |conv3d_layer_mul_wdI_U547    |conv3d_layer_mul_wdI  |        0|      4|  166|   49|
    |conv3d_layer_mul_wdI_U549    |conv3d_layer_mul_wdI  |        0|      4|  166|   49|
    |conv3d_layer_mul_wdI_U550    |conv3d_layer_mul_wdI  |        0|      4|  166|   49|
    +-----------------------------+----------------------+---------+-------+-----+-----+
    |Total                        |                      |        0|    416|33788|27536|
    +-----------------------------+----------------------+---------+-------+-----+-----+

    * DSP48: 
    +---------------------------+----------------------+---------------------+
    |          Instance         |        Module        |      Expression     |
    +---------------------------+----------------------+---------------------+
    |conv3d_layer_ama_yd2_U555  |conv3d_layer_ama_yd2  | (i0 + i1) * i2 + i3 |
    |conv3d_layer_mul_xdS_U554  |conv3d_layer_mul_xdS  |       i0 * i1       |
    +---------------------------+----------------------+---------------------+

    * Memory: 
    N/A

    * FIFO: 
    N/A

    * Expression: 
    +-----------------------------------+----------+-------+-----+-----+------------+------------+
    |           Variable Name           | Operation| DSP48E|  FF | LUT | Bitwidth P0| Bitwidth P1|
    +-----------------------------------+----------+-------+-----+-----+------------+------------+
    |d_3_fu_2009_p2                     |     +    |      0|   17|   10|           4|           1|
    |i_5_fu_2407_p2                     |     +    |      0|  101|   38|          32|           1|
    |indvar_flatten131_op_fu_2205_p2    |     +    |      0|  485|  166|         160|           1|
    |indvar_flatten19_op_fu_2177_p2     |     +    |      0|  293|  102|          96|           1|
    |indvar_flatten75_op_fu_2191_p2     |     +    |      0|  389|  134|         128|           1|
    |indvar_flatten_next1_4_fu_2003_p2  |     +    |      0|  581|  198|         192|           1|
    |indvar_flatten_op_fu_2163_p2       |     +    |      0|  197|   70|          64|           1|
    |j_2_fu_2444_p2                     |     +    |      0|  101|   38|          32|           1|
    |l_1_fu_2133_p2                     |     +    |      0|   98|   37|          31|           1|
    |tmp_131_fu_2450_p2                 |     +    |      0|  101|   38|          32|          32|
    |tmp_134_fu_2281_p2                 |     +    |      0|  101|   38|          32|          32|
    |tmp_134_mid1_fu_2554_p2            |     +    |      0|  101|   38|          32|          32|
    |tmp_136_fu_2286_p2                 |     +    |      0|  101|   38|          32|          32|
    |tmp_136_mid1_fu_2585_p2            |     +    |      0|  101|   38|          32|          32|
    |tmp_138_fu_2610_p2                 |     +    |      0|  101|   38|          32|          32|
    |tmp_140_fu_2646_p2                 |     +    |      0|  101|   38|          32|          32|
    |tmp_433_fu_2313_p2                 |     +    |      0|    0|   32|           8|           8|
    |tmp_435_fu_2333_p2                 |     +    |      0|    0|   32|           8|           8|
    |tmp_436_fu_2359_p2                 |     +    |      0|    0|   32|          11|          11|
    |tmp_438_fu_2382_p2                 |     +    |      0|    0|   32|          11|          11|
    |tmp_464_fu_2510_p2                 |     +    |      0|   56|   23|          17|          17|
    |x_3_fu_2259_p2                     |     +    |      0|   17|   10|           4|           1|
    |y_3_fu_2072_p2                     |     +    |      0|   17|   10|           4|           1|
    |exitcond1_mid_fu_1960_p2           |   icmp   |      0|    0|   16|          32|           1|
    |exitcond_flatten10_fu_2060_p2      |   icmp   |      0|    0|   64|         128|         128|
    |exitcond_flatten21_m_fu_1970_p2    |   icmp   |      0|    0|   61|          96|           1|
    |exitcond_flatten77_m_fu_1975_p2    |   icmp   |      0|    0|   64|         128|           1|
    |exitcond_flatten7_fu_2015_p2       |   icmp   |      0|    0|   95|         160|         160|
    |exitcond_flatten8_fu_2036_p2       |   icmp   |      0|    0|   32|          64|          64|
    |exitcond_flatten9_fu_2048_p2       |   icmp   |      0|    0|   61|          96|          96|
    |exitcond_flatten_fu_1998_p2        |   icmp   |      0|    0|  128|         192|         192|
    |exitcond_flatten_mid_fu_1965_p2    |   icmp   |      0|    0|   32|          64|           1|
    |exitcond_fu_2319_p2                |   icmp   |      0|    0|   16|          32|          32|
    |tmp_434_fu_2078_p2                 |    or    |      0|    0|    2|           1|           1|
    |tmp_437_fu_2106_p2                 |    or    |      0|    0|    2|           1|           1|
    |tmp_439_fu_2139_p2                 |    or    |      0|    0|    2|           1|           1|
    |tmp_441_fu_2413_p2                 |    or    |      0|    0|    2|           1|           1|
    |tmp_455_fu_2112_p2                 |    or    |      0|    0|    2|           1|           1|
    |tmp_456_fu_2145_p2                 |    or    |      0|    0|    2|           1|           1|
    |tmp_471_fu_2418_p2                 |    or    |      0|    0|    2|           1|           1|
    |tmp_472_fu_2423_p2                 |    or    |      0|    0|    2|           1|           1|
    |exitcond1_mid1_fu_2324_p3          |  select  |      0|    0|    2|           1|           1|
    |exitcond1_mid2_fu_2365_p3          |  select  |      0|    0|    2|           1|           1|
    |exitcond1_mid3_fu_2388_p3          |  select  |      0|    0|    2|           1|           1|
    |exitcond1_mid4_fu_2401_p3          |  select  |      0|    0|    2|           1|           1|
    |exitcond_flatten21_m_1_fu_2053_p3  |  select  |      0|    0|    2|           1|           1|
    |exitcond_flatten21_m_2_fu_2099_p3  |  select  |      0|    0|    2|           1|           1|
    |exitcond_flatten77_m_1_fu_2065_p3  |  select  |      0|    0|    2|           1|           1|
    |exitcond_flatten_mid_1_fu_2092_p3  |  select  |      0|    0|    2|           1|           1|
    |exitcond_flatten_mid_2_fu_2126_p3  |  select  |      0|    0|    2|           1|           1|
    |exitcond_flatten_mid_3_fu_2041_p3  |  select  |      0|    0|    2|           1|           1|
    |i_mid1_fu_2394_p3                  |  select  |      0|    0|   32|           1|           1|
    |i_mid2_fu_2436_p3                  |  select  |      0|    0|   32|           1|          32|
    |indvar_flatten_next1_2_fu_2197_p3  |  select  |      0|    0|  128|           1|           1|
    |indvar_flatten_next1_3_fu_2211_p3  |  select  |      0|    0|  160|           1|           1|
    |indvar_flatten_next1_fu_2183_p3    |  select  |      0|    0|   96|           1|           1|
    |indvar_flatten_next_fu_2169_p3     |  select  |      0|    0|   64|           1|           1|
    |j_mid2_fu_2428_p3                  |  select  |      0|    0|   32|           1|           1|
    |l_mid1_fu_2118_p3                  |  select  |      0|    0|   31|           1|           1|
    |l_mid2_fu_2155_p3                  |  select  |      0|    0|   31|           1|          31|
    |tmp_123_mid2_v_fu_2028_p3          |  select  |      0|    0|    4|           1|           4|
    |tmp_125_mid2_fu_2481_p3            |  select  |      0|    0|   32|           1|          32|
    |tmp_125_mid_fu_2463_p3             |  select  |      0|    0|   32|           1|           1|
    |tmp_126_mid2_fu_2084_p3            |  select  |      0|    0|    4|           1|           4|
    |tmp_128_mid2_fu_2604_p3            |  select  |      0|    0|   32|           1|          32|
    |tmp_128_mid_fu_2598_p3             |  select  |      0|    0|   32|           1|           1|
    |tmp_129_mid2_fu_2265_p3            |  select  |      0|    0|    4|           1|           4|
    |tmp_132_mid2175_v_fu_2469_p3       |  select  |      0|    0|   32|           1|          32|
    |tmp_133_mid2_fu_2548_p3            |  select  |      0|    0|   32|           1|          32|
    |tmp_133_mid3_fu_2493_p3            |  select  |      0|    0|   32|           1|           1|
    |tmp_135_mid4_fu_2487_p3            |  select  |      0|    0|   32|           1|          32|
    |tmp_135_mid6_fu_2499_p3            |  select  |      0|    0|   32|           1|          32|
    |tmp_135_mid_fu_2475_p3             |  select  |      0|    0|   32|           1|           1|
    |tmp_137_mid2_fu_2632_p3            |  select  |      0|    0|   32|           1|          32|
    |tmp_137_mid3_fu_2619_p3            |  select  |      0|    0|   32|           1|           1|
    |tmp_137_mid5_fu_2625_p3            |  select  |      0|    0|   32|           1|          32|
    |tmp_468_fu_2527_p3                 |  select  |      0|    0|   17|           1|          17|
    |tmp_469_fu_2534_p3                 |  select  |      0|    0|   17|           1|          17|
    |tmp_470_fu_2541_p3                 |  select  |      0|    0|   17|           1|          17|
    |tmp_476_fu_2571_p3                 |  select  |      0|    0|   17|           1|          17|
    |tmp_477_fu_2578_p3                 |  select  |      0|    0|   17|           1|          17|
    |tmp_mid2_fu_2458_p3                |  select  |      0|    0|   32|           1|          32|
    |x_mid_fu_2252_p3                   |  select  |      0|    0|    4|           1|           1|
    |y_mid_fu_2020_p3                   |  select  |      0|    0|    4|           1|           1|
    |ap_enable_pp0                      |    xor   |      0|    0|    2|           1|           2|
    +-----------------------------------+----------+-------+-----+-----+------------+------------+
    |Total                              |          |      0| 3059| 2996|        2070|        1448|
    +-----------------------------------+----------+-------+-----+-----+------------+------------+

    * Multiplexer: 
    +--------------------------+-----+-----------+-----+-----------+
    |           Name           | LUT | Input Size| Bits| Total Bits|
    +--------------------------+-----+-----------+-----+-----------+
    |ap_NS_fsm                 |  121|         26|    1|         26|
    |ap_enable_reg_pp0_iter57  |    9|          2|    1|          2|
    |ap_enable_reg_pp0_iter7   |    9|          2|    1|          2|
    |d_phi_fu_1279_p4          |    9|          2|    4|          8|
    |d_reg_1275                |    9|          2|    4|          8|
    |i_reg_1365                |    9|          2|   32|         64|
    |indvar_flatten3_reg_1264  |    9|          2|  192|        384|
    |indvar_flatten4_reg_1287  |    9|          2|  160|        320|
    |indvar_flatten5_reg_1309  |    9|          2|  128|        256|
    |indvar_flatten6_reg_1320  |    9|          2|   96|        192|
    |indvar_flatten_reg_1342   |    9|          2|   64|        128|
    |j_reg_1376                |    9|          2|   32|         64|
    |l_reg_1331                |    9|          2|   31|         62|
    |x_phi_fu_1357_p4          |    9|          2|    4|          8|
    |x_reg_1353                |    9|          2|    4|          8|
    |y_phi_fu_1302_p4          |    9|          2|    4|          8|
    |y_reg_1298                |    9|          2|    4|          8|
    +--------------------------+-----+-----------+-----+-----------+
    |Total                     |  265|         58|  762|       1548|
    +--------------------------+-----+-----------+-----+-----------+

    * Register: 
    +-----------------------------------+-----+----+-----+-----------+
    |                Name               |  FF | LUT| Bits| Const Bits|
    +-----------------------------------+-----+----+-----+-----------+
    |ap_CS_fsm                          |   25|   0|   25|          0|
    |ap_enable_reg_pp0_iter0            |    1|   0|    1|          0|
    |ap_enable_reg_pp0_iter1            |    1|   0|    1|          0|
    |ap_enable_reg_pp0_iter10           |    1|   0|    1|          0|
    |ap_enable_reg_pp0_iter11           |    1|   0|    1|          0|
    |ap_enable_reg_pp0_iter12           |    1|   0|    1|          0|
    |ap_enable_reg_pp0_iter13           |    1|   0|    1|          0|
    |ap_enable_reg_pp0_iter14           |    1|   0|    1|          0|
    |ap_enable_reg_pp0_iter15           |    1|   0|    1|          0|
    |ap_enable_reg_pp0_iter16           |    1|   0|    1|          0|
    |ap_enable_reg_pp0_iter17           |    1|   0|    1|          0|
    |ap_enable_reg_pp0_iter18           |    1|   0|    1|          0|
    |ap_enable_reg_pp0_iter19           |    1|   0|    1|          0|
    |ap_enable_reg_pp0_iter2            |    1|   0|    1|          0|
    |ap_enable_reg_pp0_iter20           |    1|   0|    1|          0|
    |ap_enable_reg_pp0_iter21           |    1|   0|    1|          0|
    |ap_enable_reg_pp0_iter22           |    1|   0|    1|          0|
    |ap_enable_reg_pp0_iter23           |    1|   0|    1|          0|
    |ap_enable_reg_pp0_iter24           |    1|   0|    1|          0|
    |ap_enable_reg_pp0_iter25           |    1|   0|    1|          0|
    |ap_enable_reg_pp0_iter26           |    1|   0|    1|          0|
    |ap_enable_reg_pp0_iter27           |    1|   0|    1|          0|
    |ap_enable_reg_pp0_iter28           |    1|   0|    1|          0|
    |ap_enable_reg_pp0_iter29           |    1|   0|    1|          0|
    |ap_enable_reg_pp0_iter3            |    1|   0|    1|          0|
    |ap_enable_reg_pp0_iter30           |    1|   0|    1|          0|
    |ap_enable_reg_pp0_iter31           |    1|   0|    1|          0|
    |ap_enable_reg_pp0_iter32           |    1|   0|    1|          0|
    |ap_enable_reg_pp0_iter33           |    1|   0|    1|          0|
    |ap_enable_reg_pp0_iter34           |    1|   0|    1|          0|
    |ap_enable_reg_pp0_iter35           |    1|   0|    1|          0|
    |ap_enable_reg_pp0_iter36           |    1|   0|    1|          0|
    |ap_enable_reg_pp0_iter37           |    1|   0|    1|          0|
    |ap_enable_reg_pp0_iter38           |    1|   0|    1|          0|
    |ap_enable_reg_pp0_iter39           |    1|   0|    1|          0|
    |ap_enable_reg_pp0_iter4            |    1|   0|    1|          0|
    |ap_enable_reg_pp0_iter40           |    1|   0|    1|          0|
    |ap_enable_reg_pp0_iter41           |    1|   0|    1|          0|
    |ap_enable_reg_pp0_iter42           |    1|   0|    1|          0|
    |ap_enable_reg_pp0_iter43           |    1|   0|    1|          0|
    |ap_enable_reg_pp0_iter44           |    1|   0|    1|          0|
    |ap_enable_reg_pp0_iter45           |    1|   0|    1|          0|
    |ap_enable_reg_pp0_iter46           |    1|   0|    1|          0|
    |ap_enable_reg_pp0_iter47           |    1|   0|    1|          0|
    |ap_enable_reg_pp0_iter48           |    1|   0|    1|          0|
    |ap_enable_reg_pp0_iter49           |    1|   0|    1|          0|
    |ap_enable_reg_pp0_iter5            |    1|   0|    1|          0|
    |ap_enable_reg_pp0_iter50           |    1|   0|    1|          0|
    |ap_enable_reg_pp0_iter51           |    1|   0|    1|          0|
    |ap_enable_reg_pp0_iter52           |    1|   0|    1|          0|
    |ap_enable_reg_pp0_iter53           |    1|   0|    1|          0|
    |ap_enable_reg_pp0_iter54           |    1|   0|    1|          0|
    |ap_enable_reg_pp0_iter55           |    1|   0|    1|          0|
    |ap_enable_reg_pp0_iter56           |    1|   0|    1|          0|
    |ap_enable_reg_pp0_iter57           |    1|   0|    1|          0|
    |ap_enable_reg_pp0_iter6            |    1|   0|    1|          0|
    |ap_enable_reg_pp0_iter7            |    1|   0|    1|          0|
    |ap_enable_reg_pp0_iter8            |    1|   0|    1|          0|
    |ap_enable_reg_pp0_iter9            |    1|   0|    1|          0|
    |ap_reg_pp0_iter3_tmp_125_reg_2993  |   32|   0|   32|          0|
    |ap_reg_pp0_iter3_tmp_133_reg_2999  |   32|   0|   32|          0|
    |ap_reg_pp0_iter5_tmp_477_reg_3098  |   17|   0|   17|          0|
    |ap_reg_pp0_iter7_tmp_444_reg_3128  |   17|   0|   17|          0|
    |bound1_reg_2805                    |  192|   0|  192|          0|
    |bound4_reg_2745                    |   96|   0|   96|          0|
    |bound8_reg_2762                    |  128|   0|  128|          0|
    |bound9_reg_2779                    |  160|   0|  160|          0|
    |bound_reg_2728                     |   64|   0|   64|          0|
    |d_3_reg_2856                       |    4|   0|    4|          0|
    |d_reg_1275                         |    4|   0|    4|          0|
    |exitcond1_mid4_reg_3065            |    1|   0|    1|          0|
    |exitcond1_mid_reg_2810             |    1|   0|    1|          0|
    |exitcond_flatten21_m_2_reg_2903    |    1|   0|    1|          0|
    |exitcond_flatten21_m_reg_2825      |    1|   0|    1|          0|
    |exitcond_flatten77_m_1_reg_2878    |    1|   0|    1|          0|
    |exitcond_flatten77_m_reg_2831      |    1|   0|    1|          0|
    |exitcond_flatten7_reg_2861         |    1|   0|    1|          0|
    |exitcond_flatten_mid_2_reg_2923    |    1|   0|    1|          0|
    |exitcond_flatten_mid_reg_2818      |    1|   0|    1|          0|
    |exitcond_flatten_reg_2847          |    1|   0|    1|          0|
    |i_5_reg_3071                       |   32|   0|   32|          0|
    |i_reg_1365                         |   32|   0|   32|          0|
    |indvar_flatten3_reg_1264           |  192|   0|  192|          0|
    |indvar_flatten4_reg_1287           |  160|   0|  160|          0|
    |indvar_flatten5_reg_1309           |  128|   0|  128|          0|
    |indvar_flatten6_reg_1320           |   96|   0|   96|          0|
    |indvar_flatten_reg_1342            |   64|   0|   64|          0|
    |inputBRAM_0_load_reg_3362          |   32|   0|   32|          0|
    |inputBRAM_1_load_reg_3379          |   32|   0|   32|          0|
    |inputBRAM_2_load_reg_3820          |   32|   0|   32|          0|
    |inputBRAM_3_load_reg_4174          |   32|   0|   32|          0|
    |inputBRAM_4_load_reg_3396          |   32|   0|   32|          0|
    |inputBRAM_5_load_reg_3413          |   32|   0|   32|          0|
    |inputBRAM_6_load_reg_3837          |   32|   0|   32|          0|
    |inputBRAM_7_load_reg_4191          |   32|   0|   32|          0|
    |j_mid2_reg_3077                    |   32|   0|   32|          0|
    |j_reg_1376                         |   32|   0|   32|          0|
    |l_1_reg_2933                       |   31|   0|   31|          0|
    |l_reg_1331                         |   31|   0|   31|          0|
    |mul1_1_1_reg_4448                  |   32|   0|   32|          0|
    |mul1_1_2_reg_4458                  |   32|   0|   32|          0|
    |mul1_1_3_reg_4468                  |   32|   0|   32|          0|
    |mul1_1_4_reg_4478                  |   32|   0|   32|          0|
    |mul1_1_5_reg_4488                  |   32|   0|   32|          0|
    |mul1_1_6_reg_4498                  |   32|   0|   32|          0|
    |mul1_1_7_reg_4508                  |   32|   0|   32|          0|
    |mul1_1_reg_4438                    |   32|   0|   32|          0|
    |mul1_2_1_reg_4453                  |   32|   0|   32|          0|
    |mul1_2_2_reg_4463                  |   32|   0|   32|          0|
    |mul1_2_3_reg_4473                  |   32|   0|   32|          0|
    |mul1_2_4_reg_4483                  |   32|   0|   32|          0|
    |mul1_2_5_reg_4493                  |   32|   0|   32|          0|
    |mul1_2_6_reg_4503                  |   32|   0|   32|          0|
    |mul1_2_7_reg_4513                  |   32|   0|   32|          0|
    |mul1_2_reg_4443                    |   32|   0|   32|          0|
    |mul2_1_1_reg_4576                  |   32|   0|   32|          0|
    |mul2_1_2_reg_4586                  |   32|   0|   32|          0|
    |mul2_1_3_reg_4596                  |   32|   0|   32|          0|
    |mul2_1_4_reg_4606                  |   32|   0|   32|          0|
    |mul2_1_5_reg_4616                  |   32|   0|   32|          0|
    |mul2_1_6_reg_4626                  |   32|   0|   32|          0|
    |mul2_1_7_reg_4636                  |   32|   0|   32|          0|
    |mul2_1_reg_4566                    |   32|   0|   32|          0|
    |outputBRAM_0_addr_reg_4518         |   10|   0|   10|          0|
    |outputBRAM_0_load_reg_4571         |   32|   0|   32|          0|
    |outputBRAM_1_addr_reg_4524         |   10|   0|   10|          0|
    |outputBRAM_1_load_reg_4581         |   32|   0|   32|          0|
    |outputBRAM_2_addr_reg_4530         |   10|   0|   10|          0|
    |outputBRAM_2_load_reg_4591         |   32|   0|   32|          0|
    |outputBRAM_3_addr_reg_4536         |   10|   0|   10|          0|
    |outputBRAM_3_load_reg_4601         |   32|   0|   32|          0|
    |outputBRAM_4_addr_reg_4542         |   10|   0|   10|          0|
    |outputBRAM_4_load_reg_4611         |   32|   0|   32|          0|
    |outputBRAM_5_addr_reg_4548         |   10|   0|   10|          0|
    |outputBRAM_5_load_reg_4621         |   32|   0|   32|          0|
    |outputBRAM_6_addr_reg_4554         |   10|   0|   10|          0|
    |outputBRAM_6_load_reg_4631         |   32|   0|   32|          0|
    |outputBRAM_7_addr_reg_4560         |   10|   0|   10|          0|
    |outputBRAM_7_load_reg_4641         |   32|   0|   32|          0|
    |tmp_123_mid2_v_reg_2871            |    4|   0|    4|          0|
    |tmp_125_mid1_reg_3043              |   32|   0|   32|          0|
    |tmp_125_reg_2993                   |   32|   0|   32|          0|
    |tmp_126_mid2_reg_2897              |    4|   0|    4|          0|
    |tmp_128_mid1_reg_3113              |   32|   0|   32|          0|
    |tmp_128_reg_3108                   |   32|   0|   32|          0|
    |tmp_129_mid2_reg_3010              |    4|   0|    4|          0|
    |tmp_133_mid1_reg_3059              |   32|   0|   32|          0|
    |tmp_133_reg_2999                   |   32|   0|   32|          0|
    |tmp_134_reg_3027                   |   32|   0|   32|          0|
    |tmp_136_mid1_reg_3103              |   32|   0|   32|          0|
    |tmp_136_reg_3032                   |   32|   0|   32|          0|
    |tmp_137_mid2_reg_3133              |   32|   0|   32|          0|
    |tmp_137_reg_3123                   |   32|   0|   32|          0|
    |tmp_141_reg_3166                   |   64|   0|   64|          0|
    |tmp_160_1_reg_3590                 |   32|   0|   32|          0|
    |tmp_160_2_reg_3610                 |   32|   0|   32|          0|
    |tmp_160_3_reg_3630                 |   32|   0|   32|          0|
    |tmp_160_4_reg_3650                 |   32|   0|   32|          0|
    |tmp_160_5_reg_3670                 |   32|   0|   32|          0|
    |tmp_160_6_reg_3690                 |   32|   0|   32|          0|
    |tmp_160_7_reg_3710                 |   32|   0|   32|          0|
    |tmp_160_reg_3570                   |   32|   0|   32|          0|
    |tmp_161_1_reg_3595                 |   32|   0|   32|          0|
    |tmp_161_2_reg_3615                 |   32|   0|   32|          0|
    |tmp_161_3_reg_3635                 |   32|   0|   32|          0|
    |tmp_161_4_reg_3655                 |   32|   0|   32|          0|
    |tmp_161_5_reg_3675                 |   32|   0|   32|          0|
    |tmp_161_6_reg_3695                 |   32|   0|   32|          0|
    |tmp_161_7_reg_3715                 |   32|   0|   32|          0|
    |tmp_161_reg_3575                   |   32|   0|   32|          0|
    |tmp_162_1_reg_3944                 |   32|   0|   32|          0|
    |tmp_162_2_reg_3964                 |   32|   0|   32|          0|
    |tmp_162_3_reg_3984                 |   32|   0|   32|          0|
    |tmp_162_4_reg_4004                 |   32|   0|   32|          0|
    |tmp_162_5_reg_4024                 |   32|   0|   32|          0|
    |tmp_162_6_reg_4044                 |   32|   0|   32|          0|
    |tmp_162_7_reg_4064                 |   32|   0|   32|          0|
    |tmp_162_reg_3924                   |   32|   0|   32|          0|
    |tmp_163_1_reg_3949                 |   32|   0|   32|          0|
    |tmp_163_2_reg_3969                 |   32|   0|   32|          0|
    |tmp_163_3_reg_3989                 |   32|   0|   32|          0|
    |tmp_163_4_reg_4009                 |   32|   0|   32|          0|
    |tmp_163_5_reg_4029                 |   32|   0|   32|          0|
    |tmp_163_6_reg_4049                 |   32|   0|   32|          0|
    |tmp_163_7_reg_4069                 |   32|   0|   32|          0|
    |tmp_163_reg_3929                   |   32|   0|   32|          0|
    |tmp_164_1_reg_4298                 |   32|   0|   32|          0|
    |tmp_164_2_reg_4318                 |   32|   0|   32|          0|
    |tmp_164_3_reg_4338                 |   32|   0|   32|          0|
    |tmp_164_4_reg_4358                 |   32|   0|   32|          0|
    |tmp_164_5_reg_4378                 |   32|   0|   32|          0|
    |tmp_164_6_reg_4398                 |   32|   0|   32|          0|
    |tmp_164_7_reg_4418                 |   32|   0|   32|          0|
    |tmp_164_reg_4278                   |   32|   0|   32|          0|
    |tmp_165_1_reg_4303                 |   32|   0|   32|          0|
    |tmp_165_2_reg_4323                 |   32|   0|   32|          0|
    |tmp_165_3_reg_4343                 |   32|   0|   32|          0|
    |tmp_165_4_reg_4363                 |   32|   0|   32|          0|
    |tmp_165_5_reg_4383                 |   32|   0|   32|          0|
    |tmp_165_6_reg_4403                 |   32|   0|   32|          0|
    |tmp_165_7_reg_4423                 |   32|   0|   32|          0|
    |tmp_165_reg_4283                   |   32|   0|   32|          0|
    |tmp_166_1_reg_3600                 |   32|   0|   32|          0|
    |tmp_166_2_reg_3620                 |   32|   0|   32|          0|
    |tmp_166_3_reg_3640                 |   32|   0|   32|          0|
    |tmp_166_4_reg_3660                 |   32|   0|   32|          0|
    |tmp_166_5_reg_3680                 |   32|   0|   32|          0|
    |tmp_166_6_reg_3700                 |   32|   0|   32|          0|
    |tmp_166_7_reg_3720                 |   32|   0|   32|          0|
    |tmp_166_reg_3580                   |   32|   0|   32|          0|
    |tmp_167_1_reg_3605                 |   32|   0|   32|          0|
    |tmp_167_2_reg_3625                 |   32|   0|   32|          0|
    |tmp_167_3_reg_3645                 |   32|   0|   32|          0|
    |tmp_167_4_reg_3665                 |   32|   0|   32|          0|
    |tmp_167_5_reg_3685                 |   32|   0|   32|          0|
    |tmp_167_6_reg_3705                 |   32|   0|   32|          0|
    |tmp_167_7_reg_3725                 |   32|   0|   32|          0|
    |tmp_167_reg_3585                   |   32|   0|   32|          0|
    |tmp_168_1_reg_3954                 |   32|   0|   32|          0|
    |tmp_168_2_reg_3974                 |   32|   0|   32|          0|
    |tmp_168_3_reg_3994                 |   32|   0|   32|          0|
    |tmp_168_4_reg_4014                 |   32|   0|   32|          0|
    |tmp_168_5_reg_4034                 |   32|   0|   32|          0|
    |tmp_168_6_reg_4054                 |   32|   0|   32|          0|
    |tmp_168_7_reg_4074                 |   32|   0|   32|          0|
    |tmp_168_reg_3934                   |   32|   0|   32|          0|
    |tmp_169_1_reg_3959                 |   32|   0|   32|          0|
    |tmp_169_2_reg_3979                 |   32|   0|   32|          0|
    |tmp_169_3_reg_3999                 |   32|   0|   32|          0|
    |tmp_169_4_reg_4019                 |   32|   0|   32|          0|
    |tmp_169_5_reg_4039                 |   32|   0|   32|          0|
    |tmp_169_6_reg_4059                 |   32|   0|   32|          0|
    |tmp_169_7_reg_4079                 |   32|   0|   32|          0|
    |tmp_169_reg_3939                   |   32|   0|   32|          0|
    |tmp_170_1_reg_4308                 |   32|   0|   32|          0|
    |tmp_170_2_reg_4328                 |   32|   0|   32|          0|
    |tmp_170_3_reg_4348                 |   32|   0|   32|          0|
    |tmp_170_4_reg_4368                 |   32|   0|   32|          0|
    |tmp_170_5_reg_4388                 |   32|   0|   32|          0|
    |tmp_170_6_reg_4408                 |   32|   0|   32|          0|
    |tmp_170_7_reg_4428                 |   32|   0|   32|          0|
    |tmp_170_reg_4288                   |   32|   0|   32|          0|
    |tmp_171_1_reg_4313                 |   32|   0|   32|          0|
    |tmp_171_2_reg_4333                 |   32|   0|   32|          0|
    |tmp_171_3_reg_4353                 |   32|   0|   32|          0|
    |tmp_171_4_reg_4373                 |   32|   0|   32|          0|
    |tmp_171_5_reg_4393                 |   32|   0|   32|          0|
    |tmp_171_6_reg_4413                 |   32|   0|   32|          0|
    |tmp_171_7_reg_4433                 |   32|   0|   32|          0|
    |tmp_171_reg_4293                   |   32|   0|   32|          0|
    |tmp_172_1_reg_4651                 |   32|   0|   32|          0|
    |tmp_172_2_reg_4656                 |   32|   0|   32|          0|
    |tmp_172_3_reg_4661                 |   32|   0|   32|          0|
    |tmp_172_4_reg_4666                 |   32|   0|   32|          0|
    |tmp_172_5_reg_4671                 |   32|   0|   32|          0|
    |tmp_172_6_reg_4676                 |   32|   0|   32|          0|
    |tmp_172_7_reg_4681                 |   32|   0|   32|          0|
    |tmp_172_reg_4646                   |   32|   0|   32|          0|
    |tmp_430_reg_2841                   |   31|   0|   32|          1|
    |tmp_434_reg_2891                   |    1|   0|    1|          0|
    |tmp_437_reg_2912                   |    1|   0|    1|          0|
    |tmp_438_reg_3054                   |   11|   0|   11|          0|
    |tmp_440_reg_3118                   |   17|   0|   17|          0|
    |tmp_444_reg_3128                   |   17|   0|   17|          0|
    |tmp_455_reg_2917                   |    1|   0|    1|          0|
    |tmp_456_reg_2938                   |    1|   0|    1|          0|
    |tmp_461_cast_reg_3138              |   64|   0|   64|          0|
    |tmp_463_reg_2943                   |   17|   0|   17|          0|
    |tmp_470_reg_3093                   |   17|   0|   17|          0|
    |tmp_477_reg_3098                   |   17|   0|   17|          0|
    |tmp_mid1_reg_3037                  |   32|   0|   32|          0|
    |tmp_s_reg_3016                     |   32|   0|   32|          0|
    |weightBRAM_0_0_loa_reg_3374        |   32|   0|   32|          0|
    |weightBRAM_0_1_loa_reg_3391        |   32|   0|   32|          0|
    |weightBRAM_0_2_loa_reg_3832        |   32|   0|   32|          0|
    |weightBRAM_0_3_loa_reg_4186        |   32|   0|   32|          0|
    |weightBRAM_0_4_loa_reg_3408        |   32|   0|   32|          0|
    |weightBRAM_0_5_loa_reg_3425        |   32|   0|   32|          0|
    |weightBRAM_0_6_loa_reg_3849        |   32|   0|   32|          0|
    |weightBRAM_0_7_loa_reg_4203        |   32|   0|   32|          0|
    |weightBRAM_1_0_loa_reg_3430        |   32|   0|   32|          0|
    |weightBRAM_1_1_loa_reg_3435        |   32|   0|   32|          0|
    |weightBRAM_1_2_loa_reg_3854        |   32|   0|   32|          0|
    |weightBRAM_1_3_loa_reg_4208        |   32|   0|   32|          0|
    |weightBRAM_1_4_loa_reg_3440        |   32|   0|   32|          0|
    |weightBRAM_1_5_loa_reg_3445        |   32|   0|   32|          0|
    |weightBRAM_1_6_loa_reg_3859        |   32|   0|   32|          0|
    |weightBRAM_1_7_loa_reg_4213        |   32|   0|   32|          0|
    |weightBRAM_2_0_loa_reg_3450        |   32|   0|   32|          0|
    |weightBRAM_2_1_loa_reg_3455        |   32|   0|   32|          0|
    |weightBRAM_2_2_loa_reg_3864        |   32|   0|   32|          0|
    |weightBRAM_2_3_loa_reg_4218        |   32|   0|   32|          0|
    |weightBRAM_2_4_loa_reg_3460        |   32|   0|   32|          0|
    |weightBRAM_2_5_loa_reg_3465        |   32|   0|   32|          0|
    |weightBRAM_2_6_loa_reg_3869        |   32|   0|   32|          0|
    |weightBRAM_2_7_loa_reg_4223        |   32|   0|   32|          0|
    |weightBRAM_3_0_loa_reg_3470        |   32|   0|   32|          0|
    |weightBRAM_3_1_loa_reg_3475        |   32|   0|   32|          0|
    |weightBRAM_3_2_loa_reg_3874        |   32|   0|   32|          0|
    |weightBRAM_3_3_loa_reg_4228        |   32|   0|   32|          0|
    |weightBRAM_3_4_loa_reg_3480        |   32|   0|   32|          0|
    |weightBRAM_3_5_loa_reg_3485        |   32|   0|   32|          0|
    |weightBRAM_3_6_loa_reg_3879        |   32|   0|   32|          0|
    |weightBRAM_3_7_loa_reg_4233        |   32|   0|   32|          0|
    |weightBRAM_4_0_loa_reg_3490        |   32|   0|   32|          0|
    |weightBRAM_4_1_loa_reg_3495        |   32|   0|   32|          0|
    |weightBRAM_4_2_loa_reg_3884        |   32|   0|   32|          0|
    |weightBRAM_4_3_loa_reg_4238        |   32|   0|   32|          0|
    |weightBRAM_4_4_loa_reg_3500        |   32|   0|   32|          0|
    |weightBRAM_4_5_loa_reg_3505        |   32|   0|   32|          0|
    |weightBRAM_4_6_loa_reg_3889        |   32|   0|   32|          0|
    |weightBRAM_4_7_loa_reg_4243        |   32|   0|   32|          0|
    |weightBRAM_5_0_loa_reg_3510        |   32|   0|   32|          0|
    |weightBRAM_5_1_loa_reg_3515        |   32|   0|   32|          0|
    |weightBRAM_5_2_loa_reg_3894        |   32|   0|   32|          0|
    |weightBRAM_5_3_loa_reg_4248        |   32|   0|   32|          0|
    |weightBRAM_5_4_loa_reg_3520        |   32|   0|   32|          0|
    |weightBRAM_5_5_loa_reg_3525        |   32|   0|   32|          0|
    |weightBRAM_5_6_loa_reg_3899        |   32|   0|   32|          0|
    |weightBRAM_5_7_loa_reg_4253        |   32|   0|   32|          0|
    |weightBRAM_6_0_loa_reg_3530        |   32|   0|   32|          0|
    |weightBRAM_6_1_loa_reg_3535        |   32|   0|   32|          0|
    |weightBRAM_6_2_loa_reg_3904        |   32|   0|   32|          0|
    |weightBRAM_6_3_loa_reg_4258        |   32|   0|   32|          0|
    |weightBRAM_6_4_loa_reg_3540        |   32|   0|   32|          0|
    |weightBRAM_6_5_loa_reg_3545        |   32|   0|   32|          0|
    |weightBRAM_6_6_loa_reg_3909        |   32|   0|   32|          0|
    |weightBRAM_6_7_loa_reg_4263        |   32|   0|   32|          0|
    |weightBRAM_7_0_loa_reg_3550        |   32|   0|   32|          0|
    |weightBRAM_7_1_loa_reg_3555        |   32|   0|   32|          0|
    |weightBRAM_7_2_loa_reg_3914        |   32|   0|   32|          0|
    |weightBRAM_7_3_loa_reg_4268        |   32|   0|   32|          0|
    |weightBRAM_7_4_loa_reg_3560        |   32|   0|   32|          0|
    |weightBRAM_7_5_loa_reg_3565        |   32|   0|   32|          0|
    |weightBRAM_7_6_loa_reg_3919        |   32|   0|   32|          0|
    |weightBRAM_7_7_loa_reg_4273        |   32|   0|   32|          0|
    |x_3_reg_3005                       |    4|   0|    4|          0|
    |x_reg_1353                         |    4|   0|    4|          0|
    |y_3_reg_2886                       |    4|   0|    4|          0|
    |y_reg_1298                         |    4|   0|    4|          0|
    |exitcond1_mid4_reg_3065            |   64|  32|    1|          0|
    |exitcond_flatten21_m_2_reg_2903    |   64|  32|    1|          0|
    |exitcond_flatten77_m_1_reg_2878    |   64|  32|    1|          0|
    |exitcond_flatten7_reg_2861         |   64|  32|    1|          0|
    |exitcond_flatten_mid_2_reg_2923    |   64|  32|    1|          0|
    |exitcond_flatten_reg_2847          |   64|  64|    1|          0|
    |j_mid2_reg_3077                    |   64|  32|   32|          0|
    |outputBRAM_0_addr_reg_4518         |   64|  32|   10|          0|
    |outputBRAM_1_addr_reg_4524         |   64|  32|   10|          0|
    |outputBRAM_2_addr_reg_4530         |   64|  32|   10|          0|
    |outputBRAM_3_addr_reg_4536         |   64|  32|   10|          0|
    |outputBRAM_4_addr_reg_4542         |   64|  32|   10|          0|
    |outputBRAM_5_addr_reg_4548         |   64|  32|   10|          0|
    |outputBRAM_6_addr_reg_4554         |   64|  32|   10|          0|
    |outputBRAM_7_addr_reg_4560         |   64|  32|   10|          0|
    |tmp_123_mid2_v_reg_2871            |   64|  32|    4|          0|
    |tmp_126_mid2_reg_2897              |   64|  32|    4|          0|
    |tmp_133_mid1_reg_3059              |   64|  32|   32|          0|
    |tmp_141_reg_3166                   |   64|  32|   64|          0|
    |tmp_430_reg_2841                   |   64|  32|   32|          1|
    |tmp_434_reg_2891                   |   64|  32|    1|          0|
    |tmp_437_reg_2912                   |   64|  32|    1|          0|
    |tmp_438_reg_3054                   |   64|  64|   11|          0|
    |tmp_455_reg_2917                   |   64|  32|    1|          0|
    |tmp_456_reg_2938                   |   64|  32|    1|          0|
    |tmp_461_cast_reg_3138              |   64|  32|   64|          0|
    |tmp_463_reg_2943                   |   64|  32|   17|          0|
    +-----------------------------------+-----+----+-----+-----------+
    |Total                              |10836| 928| 9459|          2|
    +-----------------------------------+-----+----+-----+-----------+



================================================================
== Interface
================================================================
* Summary: 
+-------------------------+-----+-----+------------+----------------+--------------+
|        RTL Ports        | Dir | Bits|  Protocol  |  Source Object |    C Type    |
+-------------------------+-----+-----+------------+----------------+--------------+
|ap_clk                   |  in |    1| ap_ctrl_hs |  conv_compute  | return value |
|ap_rst                   |  in |    1| ap_ctrl_hs |  conv_compute  | return value |
|ap_start                 |  in |    1| ap_ctrl_hs |  conv_compute  | return value |
|ap_done                  | out |    1| ap_ctrl_hs |  conv_compute  | return value |
|ap_idle                  | out |    1| ap_ctrl_hs |  conv_compute  | return value |
|ap_ready                 | out |    1| ap_ctrl_hs |  conv_compute  | return value |
|outputBRAM_0_address0    | out |   10|  ap_memory |  outputBRAM_0  |     array    |
|outputBRAM_0_ce0         | out |    1|  ap_memory |  outputBRAM_0  |     array    |
|outputBRAM_0_q0          |  in |   32|  ap_memory |  outputBRAM_0  |     array    |
|outputBRAM_0_address1    | out |   10|  ap_memory |  outputBRAM_0  |     array    |
|outputBRAM_0_ce1         | out |    1|  ap_memory |  outputBRAM_0  |     array    |
|outputBRAM_0_we1         | out |    1|  ap_memory |  outputBRAM_0  |     array    |
|outputBRAM_0_d1          | out |   32|  ap_memory |  outputBRAM_0  |     array    |
|outputBRAM_1_address0    | out |   10|  ap_memory |  outputBRAM_1  |     array    |
|outputBRAM_1_ce0         | out |    1|  ap_memory |  outputBRAM_1  |     array    |
|outputBRAM_1_q0          |  in |   32|  ap_memory |  outputBRAM_1  |     array    |
|outputBRAM_1_address1    | out |   10|  ap_memory |  outputBRAM_1  |     array    |
|outputBRAM_1_ce1         | out |    1|  ap_memory |  outputBRAM_1  |     array    |
|outputBRAM_1_we1         | out |    1|  ap_memory |  outputBRAM_1  |     array    |
|outputBRAM_1_d1          | out |   32|  ap_memory |  outputBRAM_1  |     array    |
|outputBRAM_2_address0    | out |   10|  ap_memory |  outputBRAM_2  |     array    |
|outputBRAM_2_ce0         | out |    1|  ap_memory |  outputBRAM_2  |     array    |
|outputBRAM_2_q0          |  in |   32|  ap_memory |  outputBRAM_2  |     array    |
|outputBRAM_2_address1    | out |   10|  ap_memory |  outputBRAM_2  |     array    |
|outputBRAM_2_ce1         | out |    1|  ap_memory |  outputBRAM_2  |     array    |
|outputBRAM_2_we1         | out |    1|  ap_memory |  outputBRAM_2  |     array    |
|outputBRAM_2_d1          | out |   32|  ap_memory |  outputBRAM_2  |     array    |
|outputBRAM_3_address0    | out |   10|  ap_memory |  outputBRAM_3  |     array    |
|outputBRAM_3_ce0         | out |    1|  ap_memory |  outputBRAM_3  |     array    |
|outputBRAM_3_q0          |  in |   32|  ap_memory |  outputBRAM_3  |     array    |
|outputBRAM_3_address1    | out |   10|  ap_memory |  outputBRAM_3  |     array    |
|outputBRAM_3_ce1         | out |    1|  ap_memory |  outputBRAM_3  |     array    |
|outputBRAM_3_we1         | out |    1|  ap_memory |  outputBRAM_3  |     array    |
|outputBRAM_3_d1          | out |   32|  ap_memory |  outputBRAM_3  |     array    |
|outputBRAM_4_address0    | out |   10|  ap_memory |  outputBRAM_4  |     array    |
|outputBRAM_4_ce0         | out |    1|  ap_memory |  outputBRAM_4  |     array    |
|outputBRAM_4_q0          |  in |   32|  ap_memory |  outputBRAM_4  |     array    |
|outputBRAM_4_address1    | out |   10|  ap_memory |  outputBRAM_4  |     array    |
|outputBRAM_4_ce1         | out |    1|  ap_memory |  outputBRAM_4  |     array    |
|outputBRAM_4_we1         | out |    1|  ap_memory |  outputBRAM_4  |     array    |
|outputBRAM_4_d1          | out |   32|  ap_memory |  outputBRAM_4  |     array    |
|outputBRAM_5_address0    | out |   10|  ap_memory |  outputBRAM_5  |     array    |
|outputBRAM_5_ce0         | out |    1|  ap_memory |  outputBRAM_5  |     array    |
|outputBRAM_5_q0          |  in |   32|  ap_memory |  outputBRAM_5  |     array    |
|outputBRAM_5_address1    | out |   10|  ap_memory |  outputBRAM_5  |     array    |
|outputBRAM_5_ce1         | out |    1|  ap_memory |  outputBRAM_5  |     array    |
|outputBRAM_5_we1         | out |    1|  ap_memory |  outputBRAM_5  |     array    |
|outputBRAM_5_d1          | out |   32|  ap_memory |  outputBRAM_5  |     array    |
|outputBRAM_6_address0    | out |   10|  ap_memory |  outputBRAM_6  |     array    |
|outputBRAM_6_ce0         | out |    1|  ap_memory |  outputBRAM_6  |     array    |
|outputBRAM_6_q0          |  in |   32|  ap_memory |  outputBRAM_6  |     array    |
|outputBRAM_6_address1    | out |   10|  ap_memory |  outputBRAM_6  |     array    |
|outputBRAM_6_ce1         | out |    1|  ap_memory |  outputBRAM_6  |     array    |
|outputBRAM_6_we1         | out |    1|  ap_memory |  outputBRAM_6  |     array    |
|outputBRAM_6_d1          | out |   32|  ap_memory |  outputBRAM_6  |     array    |
|outputBRAM_7_address0    | out |   10|  ap_memory |  outputBRAM_7  |     array    |
|outputBRAM_7_ce0         | out |    1|  ap_memory |  outputBRAM_7  |     array    |
|outputBRAM_7_q0          |  in |   32|  ap_memory |  outputBRAM_7  |     array    |
|outputBRAM_7_address1    | out |   10|  ap_memory |  outputBRAM_7  |     array    |
|outputBRAM_7_ce1         | out |    1|  ap_memory |  outputBRAM_7  |     array    |
|outputBRAM_7_we1         | out |    1|  ap_memory |  outputBRAM_7  |     array    |
|outputBRAM_7_d1          | out |   32|  ap_memory |  outputBRAM_7  |     array    |
|inputBRAM_0_address0     | out |   16|  ap_memory |   inputBRAM_0  |     array    |
|inputBRAM_0_ce0          | out |    1|  ap_memory |   inputBRAM_0  |     array    |
|inputBRAM_0_q0           |  in |   32|  ap_memory |   inputBRAM_0  |     array    |
|inputBRAM_1_address0     | out |   16|  ap_memory |   inputBRAM_1  |     array    |
|inputBRAM_1_ce0          | out |    1|  ap_memory |   inputBRAM_1  |     array    |
|inputBRAM_1_q0           |  in |   32|  ap_memory |   inputBRAM_1  |     array    |
|inputBRAM_2_address0     | out |   16|  ap_memory |   inputBRAM_2  |     array    |
|inputBRAM_2_ce0          | out |    1|  ap_memory |   inputBRAM_2  |     array    |
|inputBRAM_2_q0           |  in |   32|  ap_memory |   inputBRAM_2  |     array    |
|inputBRAM_3_address0     | out |   16|  ap_memory |   inputBRAM_3  |     array    |
|inputBRAM_3_ce0          | out |    1|  ap_memory |   inputBRAM_3  |     array    |
|inputBRAM_3_q0           |  in |   32|  ap_memory |   inputBRAM_3  |     array    |
|inputBRAM_4_address0     | out |   16|  ap_memory |   inputBRAM_4  |     array    |
|inputBRAM_4_ce0          | out |    1|  ap_memory |   inputBRAM_4  |     array    |
|inputBRAM_4_q0           |  in |   32|  ap_memory |   inputBRAM_4  |     array    |
|inputBRAM_5_address0     | out |   16|  ap_memory |   inputBRAM_5  |     array    |
|inputBRAM_5_ce0          | out |    1|  ap_memory |   inputBRAM_5  |     array    |
|inputBRAM_5_q0           |  in |   32|  ap_memory |   inputBRAM_5  |     array    |
|inputBRAM_6_address0     | out |   16|  ap_memory |   inputBRAM_6  |     array    |
|inputBRAM_6_ce0          | out |    1|  ap_memory |   inputBRAM_6  |     array    |
|inputBRAM_6_q0           |  in |   32|  ap_memory |   inputBRAM_6  |     array    |
|inputBRAM_7_address0     | out |   16|  ap_memory |   inputBRAM_7  |     array    |
|inputBRAM_7_ce0          | out |    1|  ap_memory |   inputBRAM_7  |     array    |
|inputBRAM_7_q0           |  in |   32|  ap_memory |   inputBRAM_7  |     array    |
|weightBRAM_0_0_address0  | out |   10|  ap_memory | weightBRAM_0_0 |     array    |
|weightBRAM_0_0_ce0       | out |    1|  ap_memory | weightBRAM_0_0 |     array    |
|weightBRAM_0_0_q0        |  in |   32|  ap_memory | weightBRAM_0_0 |     array    |
|weightBRAM_0_1_address0  | out |   10|  ap_memory | weightBRAM_0_1 |     array    |
|weightBRAM_0_1_ce0       | out |    1|  ap_memory | weightBRAM_0_1 |     array    |
|weightBRAM_0_1_q0        |  in |   32|  ap_memory | weightBRAM_0_1 |     array    |
|weightBRAM_0_2_address0  | out |   10|  ap_memory | weightBRAM_0_2 |     array    |
|weightBRAM_0_2_ce0       | out |    1|  ap_memory | weightBRAM_0_2 |     array    |
|weightBRAM_0_2_q0        |  in |   32|  ap_memory | weightBRAM_0_2 |     array    |
|weightBRAM_0_3_address0  | out |   10|  ap_memory | weightBRAM_0_3 |     array    |
|weightBRAM_0_3_ce0       | out |    1|  ap_memory | weightBRAM_0_3 |     array    |
|weightBRAM_0_3_q0        |  in |   32|  ap_memory | weightBRAM_0_3 |     array    |
|weightBRAM_0_4_address0  | out |   10|  ap_memory | weightBRAM_0_4 |     array    |
|weightBRAM_0_4_ce0       | out |    1|  ap_memory | weightBRAM_0_4 |     array    |
|weightBRAM_0_4_q0        |  in |   32|  ap_memory | weightBRAM_0_4 |     array    |
|weightBRAM_0_5_address0  | out |   10|  ap_memory | weightBRAM_0_5 |     array    |
|weightBRAM_0_5_ce0       | out |    1|  ap_memory | weightBRAM_0_5 |     array    |
|weightBRAM_0_5_q0        |  in |   32|  ap_memory | weightBRAM_0_5 |     array    |
|weightBRAM_0_6_address0  | out |   10|  ap_memory | weightBRAM_0_6 |     array    |
|weightBRAM_0_6_ce0       | out |    1|  ap_memory | weightBRAM_0_6 |     array    |
|weightBRAM_0_6_q0        |  in |   32|  ap_memory | weightBRAM_0_6 |     array    |
|weightBRAM_0_7_address0  | out |   10|  ap_memory | weightBRAM_0_7 |     array    |
|weightBRAM_0_7_ce0       | out |    1|  ap_memory | weightBRAM_0_7 |     array    |
|weightBRAM_0_7_q0        |  in |   32|  ap_memory | weightBRAM_0_7 |     array    |
|weightBRAM_1_0_address0  | out |   10|  ap_memory | weightBRAM_1_0 |     array    |
|weightBRAM_1_0_ce0       | out |    1|  ap_memory | weightBRAM_1_0 |     array    |
|weightBRAM_1_0_q0        |  in |   32|  ap_memory | weightBRAM_1_0 |     array    |
|weightBRAM_1_1_address0  | out |   10|  ap_memory | weightBRAM_1_1 |     array    |
|weightBRAM_1_1_ce0       | out |    1|  ap_memory | weightBRAM_1_1 |     array    |
|weightBRAM_1_1_q0        |  in |   32|  ap_memory | weightBRAM_1_1 |     array    |
|weightBRAM_1_2_address0  | out |   10|  ap_memory | weightBRAM_1_2 |     array    |
|weightBRAM_1_2_ce0       | out |    1|  ap_memory | weightBRAM_1_2 |     array    |
|weightBRAM_1_2_q0        |  in |   32|  ap_memory | weightBRAM_1_2 |     array    |
|weightBRAM_1_3_address0  | out |   10|  ap_memory | weightBRAM_1_3 |     array    |
|weightBRAM_1_3_ce0       | out |    1|  ap_memory | weightBRAM_1_3 |     array    |
|weightBRAM_1_3_q0        |  in |   32|  ap_memory | weightBRAM_1_3 |     array    |
|weightBRAM_1_4_address0  | out |   10|  ap_memory | weightBRAM_1_4 |     array    |
|weightBRAM_1_4_ce0       | out |    1|  ap_memory | weightBRAM_1_4 |     array    |
|weightBRAM_1_4_q0        |  in |   32|  ap_memory | weightBRAM_1_4 |     array    |
|weightBRAM_1_5_address0  | out |   10|  ap_memory | weightBRAM_1_5 |     array    |
|weightBRAM_1_5_ce0       | out |    1|  ap_memory | weightBRAM_1_5 |     array    |
|weightBRAM_1_5_q0        |  in |   32|  ap_memory | weightBRAM_1_5 |     array    |
|weightBRAM_1_6_address0  | out |   10|  ap_memory | weightBRAM_1_6 |     array    |
|weightBRAM_1_6_ce0       | out |    1|  ap_memory | weightBRAM_1_6 |     array    |
|weightBRAM_1_6_q0        |  in |   32|  ap_memory | weightBRAM_1_6 |     array    |
|weightBRAM_1_7_address0  | out |   10|  ap_memory | weightBRAM_1_7 |     array    |
|weightBRAM_1_7_ce0       | out |    1|  ap_memory | weightBRAM_1_7 |     array    |
|weightBRAM_1_7_q0        |  in |   32|  ap_memory | weightBRAM_1_7 |     array    |
|weightBRAM_2_0_address0  | out |   10|  ap_memory | weightBRAM_2_0 |     array    |
|weightBRAM_2_0_ce0       | out |    1|  ap_memory | weightBRAM_2_0 |     array    |
|weightBRAM_2_0_q0        |  in |   32|  ap_memory | weightBRAM_2_0 |     array    |
|weightBRAM_2_1_address0  | out |   10|  ap_memory | weightBRAM_2_1 |     array    |
|weightBRAM_2_1_ce0       | out |    1|  ap_memory | weightBRAM_2_1 |     array    |
|weightBRAM_2_1_q0        |  in |   32|  ap_memory | weightBRAM_2_1 |     array    |
|weightBRAM_2_2_address0  | out |   10|  ap_memory | weightBRAM_2_2 |     array    |
|weightBRAM_2_2_ce0       | out |    1|  ap_memory | weightBRAM_2_2 |     array    |
|weightBRAM_2_2_q0        |  in |   32|  ap_memory | weightBRAM_2_2 |     array    |
|weightBRAM_2_3_address0  | out |   10|  ap_memory | weightBRAM_2_3 |     array    |
|weightBRAM_2_3_ce0       | out |    1|  ap_memory | weightBRAM_2_3 |     array    |
|weightBRAM_2_3_q0        |  in |   32|  ap_memory | weightBRAM_2_3 |     array    |
|weightBRAM_2_4_address0  | out |   10|  ap_memory | weightBRAM_2_4 |     array    |
|weightBRAM_2_4_ce0       | out |    1|  ap_memory | weightBRAM_2_4 |     array    |
|weightBRAM_2_4_q0        |  in |   32|  ap_memory | weightBRAM_2_4 |     array    |
|weightBRAM_2_5_address0  | out |   10|  ap_memory | weightBRAM_2_5 |     array    |
|weightBRAM_2_5_ce0       | out |    1|  ap_memory | weightBRAM_2_5 |     array    |
|weightBRAM_2_5_q0        |  in |   32|  ap_memory | weightBRAM_2_5 |     array    |
|weightBRAM_2_6_address0  | out |   10|  ap_memory | weightBRAM_2_6 |     array    |
|weightBRAM_2_6_ce0       | out |    1|  ap_memory | weightBRAM_2_6 |     array    |
|weightBRAM_2_6_q0        |  in |   32|  ap_memory | weightBRAM_2_6 |     array    |
|weightBRAM_2_7_address0  | out |   10|  ap_memory | weightBRAM_2_7 |     array    |
|weightBRAM_2_7_ce0       | out |    1|  ap_memory | weightBRAM_2_7 |     array    |
|weightBRAM_2_7_q0        |  in |   32|  ap_memory | weightBRAM_2_7 |     array    |
|weightBRAM_3_0_address0  | out |   10|  ap_memory | weightBRAM_3_0 |     array    |
|weightBRAM_3_0_ce0       | out |    1|  ap_memory | weightBRAM_3_0 |     array    |
|weightBRAM_3_0_q0        |  in |   32|  ap_memory | weightBRAM_3_0 |     array    |
|weightBRAM_3_1_address0  | out |   10|  ap_memory | weightBRAM_3_1 |     array    |
|weightBRAM_3_1_ce0       | out |    1|  ap_memory | weightBRAM_3_1 |     array    |
|weightBRAM_3_1_q0        |  in |   32|  ap_memory | weightBRAM_3_1 |     array    |
|weightBRAM_3_2_address0  | out |   10|  ap_memory | weightBRAM_3_2 |     array    |
|weightBRAM_3_2_ce0       | out |    1|  ap_memory | weightBRAM_3_2 |     array    |
|weightBRAM_3_2_q0        |  in |   32|  ap_memory | weightBRAM_3_2 |     array    |
|weightBRAM_3_3_address0  | out |   10|  ap_memory | weightBRAM_3_3 |     array    |
|weightBRAM_3_3_ce0       | out |    1|  ap_memory | weightBRAM_3_3 |     array    |
|weightBRAM_3_3_q0        |  in |   32|  ap_memory | weightBRAM_3_3 |     array    |
|weightBRAM_3_4_address0  | out |   10|  ap_memory | weightBRAM_3_4 |     array    |
|weightBRAM_3_4_ce0       | out |    1|  ap_memory | weightBRAM_3_4 |     array    |
|weightBRAM_3_4_q0        |  in |   32|  ap_memory | weightBRAM_3_4 |     array    |
|weightBRAM_3_5_address0  | out |   10|  ap_memory | weightBRAM_3_5 |     array    |
|weightBRAM_3_5_ce0       | out |    1|  ap_memory | weightBRAM_3_5 |     array    |
|weightBRAM_3_5_q0        |  in |   32|  ap_memory | weightBRAM_3_5 |     array    |
|weightBRAM_3_6_address0  | out |   10|  ap_memory | weightBRAM_3_6 |     array    |
|weightBRAM_3_6_ce0       | out |    1|  ap_memory | weightBRAM_3_6 |     array    |
|weightBRAM_3_6_q0        |  in |   32|  ap_memory | weightBRAM_3_6 |     array    |
|weightBRAM_3_7_address0  | out |   10|  ap_memory | weightBRAM_3_7 |     array    |
|weightBRAM_3_7_ce0       | out |    1|  ap_memory | weightBRAM_3_7 |     array    |
|weightBRAM_3_7_q0        |  in |   32|  ap_memory | weightBRAM_3_7 |     array    |
|weightBRAM_4_0_address0  | out |   10|  ap_memory | weightBRAM_4_0 |     array    |
|weightBRAM_4_0_ce0       | out |    1|  ap_memory | weightBRAM_4_0 |     array    |
|weightBRAM_4_0_q0        |  in |   32|  ap_memory | weightBRAM_4_0 |     array    |
|weightBRAM_4_1_address0  | out |   10|  ap_memory | weightBRAM_4_1 |     array    |
|weightBRAM_4_1_ce0       | out |    1|  ap_memory | weightBRAM_4_1 |     array    |
|weightBRAM_4_1_q0        |  in |   32|  ap_memory | weightBRAM_4_1 |     array    |
|weightBRAM_4_2_address0  | out |   10|  ap_memory | weightBRAM_4_2 |     array    |
|weightBRAM_4_2_ce0       | out |    1|  ap_memory | weightBRAM_4_2 |     array    |
|weightBRAM_4_2_q0        |  in |   32|  ap_memory | weightBRAM_4_2 |     array    |
|weightBRAM_4_3_address0  | out |   10|  ap_memory | weightBRAM_4_3 |     array    |
|weightBRAM_4_3_ce0       | out |    1|  ap_memory | weightBRAM_4_3 |     array    |
|weightBRAM_4_3_q0        |  in |   32|  ap_memory | weightBRAM_4_3 |     array    |
|weightBRAM_4_4_address0  | out |   10|  ap_memory | weightBRAM_4_4 |     array    |
|weightBRAM_4_4_ce0       | out |    1|  ap_memory | weightBRAM_4_4 |     array    |
|weightBRAM_4_4_q0        |  in |   32|  ap_memory | weightBRAM_4_4 |     array    |
|weightBRAM_4_5_address0  | out |   10|  ap_memory | weightBRAM_4_5 |     array    |
|weightBRAM_4_5_ce0       | out |    1|  ap_memory | weightBRAM_4_5 |     array    |
|weightBRAM_4_5_q0        |  in |   32|  ap_memory | weightBRAM_4_5 |     array    |
|weightBRAM_4_6_address0  | out |   10|  ap_memory | weightBRAM_4_6 |     array    |
|weightBRAM_4_6_ce0       | out |    1|  ap_memory | weightBRAM_4_6 |     array    |
|weightBRAM_4_6_q0        |  in |   32|  ap_memory | weightBRAM_4_6 |     array    |
|weightBRAM_4_7_address0  | out |   10|  ap_memory | weightBRAM_4_7 |     array    |
|weightBRAM_4_7_ce0       | out |    1|  ap_memory | weightBRAM_4_7 |     array    |
|weightBRAM_4_7_q0        |  in |   32|  ap_memory | weightBRAM_4_7 |     array    |
|weightBRAM_5_0_address0  | out |   10|  ap_memory | weightBRAM_5_0 |     array    |
|weightBRAM_5_0_ce0       | out |    1|  ap_memory | weightBRAM_5_0 |     array    |
|weightBRAM_5_0_q0        |  in |   32|  ap_memory | weightBRAM_5_0 |     array    |
|weightBRAM_5_1_address0  | out |   10|  ap_memory | weightBRAM_5_1 |     array    |
|weightBRAM_5_1_ce0       | out |    1|  ap_memory | weightBRAM_5_1 |     array    |
|weightBRAM_5_1_q0        |  in |   32|  ap_memory | weightBRAM_5_1 |     array    |
|weightBRAM_5_2_address0  | out |   10|  ap_memory | weightBRAM_5_2 |     array    |
|weightBRAM_5_2_ce0       | out |    1|  ap_memory | weightBRAM_5_2 |     array    |
|weightBRAM_5_2_q0        |  in |   32|  ap_memory | weightBRAM_5_2 |     array    |
|weightBRAM_5_3_address0  | out |   10|  ap_memory | weightBRAM_5_3 |     array    |
|weightBRAM_5_3_ce0       | out |    1|  ap_memory | weightBRAM_5_3 |     array    |
|weightBRAM_5_3_q0        |  in |   32|  ap_memory | weightBRAM_5_3 |     array    |
|weightBRAM_5_4_address0  | out |   10|  ap_memory | weightBRAM_5_4 |     array    |
|weightBRAM_5_4_ce0       | out |    1|  ap_memory | weightBRAM_5_4 |     array    |
|weightBRAM_5_4_q0        |  in |   32|  ap_memory | weightBRAM_5_4 |     array    |
|weightBRAM_5_5_address0  | out |   10|  ap_memory | weightBRAM_5_5 |     array    |
|weightBRAM_5_5_ce0       | out |    1|  ap_memory | weightBRAM_5_5 |     array    |
|weightBRAM_5_5_q0        |  in |   32|  ap_memory | weightBRAM_5_5 |     array    |
|weightBRAM_5_6_address0  | out |   10|  ap_memory | weightBRAM_5_6 |     array    |
|weightBRAM_5_6_ce0       | out |    1|  ap_memory | weightBRAM_5_6 |     array    |
|weightBRAM_5_6_q0        |  in |   32|  ap_memory | weightBRAM_5_6 |     array    |
|weightBRAM_5_7_address0  | out |   10|  ap_memory | weightBRAM_5_7 |     array    |
|weightBRAM_5_7_ce0       | out |    1|  ap_memory | weightBRAM_5_7 |     array    |
|weightBRAM_5_7_q0        |  in |   32|  ap_memory | weightBRAM_5_7 |     array    |
|weightBRAM_6_0_address0  | out |   10|  ap_memory | weightBRAM_6_0 |     array    |
|weightBRAM_6_0_ce0       | out |    1|  ap_memory | weightBRAM_6_0 |     array    |
|weightBRAM_6_0_q0        |  in |   32|  ap_memory | weightBRAM_6_0 |     array    |
|weightBRAM_6_1_address0  | out |   10|  ap_memory | weightBRAM_6_1 |     array    |
|weightBRAM_6_1_ce0       | out |    1|  ap_memory | weightBRAM_6_1 |     array    |
|weightBRAM_6_1_q0        |  in |   32|  ap_memory | weightBRAM_6_1 |     array    |
|weightBRAM_6_2_address0  | out |   10|  ap_memory | weightBRAM_6_2 |     array    |
|weightBRAM_6_2_ce0       | out |    1|  ap_memory | weightBRAM_6_2 |     array    |
|weightBRAM_6_2_q0        |  in |   32|  ap_memory | weightBRAM_6_2 |     array    |
|weightBRAM_6_3_address0  | out |   10|  ap_memory | weightBRAM_6_3 |     array    |
|weightBRAM_6_3_ce0       | out |    1|  ap_memory | weightBRAM_6_3 |     array    |
|weightBRAM_6_3_q0        |  in |   32|  ap_memory | weightBRAM_6_3 |     array    |
|weightBRAM_6_4_address0  | out |   10|  ap_memory | weightBRAM_6_4 |     array    |
|weightBRAM_6_4_ce0       | out |    1|  ap_memory | weightBRAM_6_4 |     array    |
|weightBRAM_6_4_q0        |  in |   32|  ap_memory | weightBRAM_6_4 |     array    |
|weightBRAM_6_5_address0  | out |   10|  ap_memory | weightBRAM_6_5 |     array    |
|weightBRAM_6_5_ce0       | out |    1|  ap_memory | weightBRAM_6_5 |     array    |
|weightBRAM_6_5_q0        |  in |   32|  ap_memory | weightBRAM_6_5 |     array    |
|weightBRAM_6_6_address0  | out |   10|  ap_memory | weightBRAM_6_6 |     array    |
|weightBRAM_6_6_ce0       | out |    1|  ap_memory | weightBRAM_6_6 |     array    |
|weightBRAM_6_6_q0        |  in |   32|  ap_memory | weightBRAM_6_6 |     array    |
|weightBRAM_6_7_address0  | out |   10|  ap_memory | weightBRAM_6_7 |     array    |
|weightBRAM_6_7_ce0       | out |    1|  ap_memory | weightBRAM_6_7 |     array    |
|weightBRAM_6_7_q0        |  in |   32|  ap_memory | weightBRAM_6_7 |     array    |
|weightBRAM_7_0_address0  | out |   10|  ap_memory | weightBRAM_7_0 |     array    |
|weightBRAM_7_0_ce0       | out |    1|  ap_memory | weightBRAM_7_0 |     array    |
|weightBRAM_7_0_q0        |  in |   32|  ap_memory | weightBRAM_7_0 |     array    |
|weightBRAM_7_1_address0  | out |   10|  ap_memory | weightBRAM_7_1 |     array    |
|weightBRAM_7_1_ce0       | out |    1|  ap_memory | weightBRAM_7_1 |     array    |
|weightBRAM_7_1_q0        |  in |   32|  ap_memory | weightBRAM_7_1 |     array    |
|weightBRAM_7_2_address0  | out |   10|  ap_memory | weightBRAM_7_2 |     array    |
|weightBRAM_7_2_ce0       | out |    1|  ap_memory | weightBRAM_7_2 |     array    |
|weightBRAM_7_2_q0        |  in |   32|  ap_memory | weightBRAM_7_2 |     array    |
|weightBRAM_7_3_address0  | out |   10|  ap_memory | weightBRAM_7_3 |     array    |
|weightBRAM_7_3_ce0       | out |    1|  ap_memory | weightBRAM_7_3 |     array    |
|weightBRAM_7_3_q0        |  in |   32|  ap_memory | weightBRAM_7_3 |     array    |
|weightBRAM_7_4_address0  | out |   10|  ap_memory | weightBRAM_7_4 |     array    |
|weightBRAM_7_4_ce0       | out |    1|  ap_memory | weightBRAM_7_4 |     array    |
|weightBRAM_7_4_q0        |  in |   32|  ap_memory | weightBRAM_7_4 |     array    |
|weightBRAM_7_5_address0  | out |   10|  ap_memory | weightBRAM_7_5 |     array    |
|weightBRAM_7_5_ce0       | out |    1|  ap_memory | weightBRAM_7_5 |     array    |
|weightBRAM_7_5_q0        |  in |   32|  ap_memory | weightBRAM_7_5 |     array    |
|weightBRAM_7_6_address0  | out |   10|  ap_memory | weightBRAM_7_6 |     array    |
|weightBRAM_7_6_ce0       | out |    1|  ap_memory | weightBRAM_7_6 |     array    |
|weightBRAM_7_6_q0        |  in |   32|  ap_memory | weightBRAM_7_6 |     array    |
|weightBRAM_7_7_address0  | out |   10|  ap_memory | weightBRAM_7_7 |     array    |
|weightBRAM_7_7_ce0       | out |    1|  ap_memory | weightBRAM_7_7 |     array    |
|weightBRAM_7_7_q0        |  in |   32|  ap_memory | weightBRAM_7_7 |     array    |
|k                        |  in |   32|   ap_none  |        k       |    scalar    |
|s                        |  in |   32|   ap_none  |        s       |    scalar    |
|od_limit                 |  in |   32|   ap_none  |    od_limit    |    scalar    |
|oy_limit                 |  in |   32|   ap_none  |    oy_limit    |    scalar    |
|ox_limit                 |  in |   32|   ap_none  |    ox_limit    |    scalar    |
+-------------------------+-----+-----+------------+----------------+--------------+

