

================================================================
== Vivado HLS Report for 'read_bnorm'
================================================================
* Date:           Fri May 10 23:10:58 2019

* Version:        2017.2 (Build 1909853 on Thu Jun 15 18:55:24 MDT 2017)
* Project:        conv3d_proj
* Solution:       solution1
* Product family: virtexu
* Target device:  xcvu095-ffvc1517-2-e


================================================================
== Performance Estimates
================================================================
+ Timing (ns): 
    * Summary: 
    +--------+-------+----------+------------+
    |  Clock | Target| Estimated| Uncertainty|
    +--------+-------+----------+------------+
    |ap_clk  |   4.00|      3.50|        0.50|
    +--------+-------+----------+------------+

+ Latency (clock cycles): 
    * Summary: 
    +-----+-----+-----+-----+---------+
    |  Latency  |  Interval | Pipeline|
    | min | max | min | max |   Type  |
    +-----+-----+-----+-----+---------+
    |    2|   77|    2|   77|   none  |
    +-----+-----+-----+-----+---------+

    + Detail: 
        * Instance: 
        N/A

        * Loop: 
        +----------+-----+-----+----------+-----------+-----------+--------+----------+
        |          |  Latency  | Iteration|  Initiation Interval  |  Trip  |          |
        | Loop Name| min | max |  Latency |  achieved |   target  |  Count | Pipelined|
        +----------+-----+-----+----------+-----------+-----------+--------+----------+
        |- Loop 1  |    0|   75|        13|          1|          1| 0 ~ 64 |    yes   |
        +----------+-----+-----+----------+-----------+-----------+--------+----------+



================================================================
== Utilization Estimates
================================================================
* Summary: 
+-----------------+---------+-------+---------+--------+
|       Name      | BRAM_18K| DSP48E|    FF   |   LUT  |
+-----------------+---------+-------+---------+--------+
|DSP              |        -|      -|        -|       -|
|Expression       |        -|      -|      297|     231|
|FIFO             |        -|      -|        -|       -|
|Instance         |        -|      4|      100|      50|
|Memory           |        -|      -|        -|       -|
|Multiplexer      |        -|      -|        -|      71|
|Register         |        -|      -|      872|     320|
+-----------------+---------+-------+---------+--------+
|Total            |        0|      4|     1269|     672|
+-----------------+---------+-------+---------+--------+
|Available        |     3456|    768|  1075200|  537600|
+-----------------+---------+-------+---------+--------+
|Utilization (%)  |        0|   ~0  |    ~0   |   ~0   |
+-----------------+---------+-------+---------+--------+

+ Detail: 
    * Instance: 
    +-------------------------+----------------------+---------+-------+-----+----+
    |         Instance        |        Module        | BRAM_18K| DSP48E|  FF | LUT|
    +-------------------------+----------------------+---------+-------+-----+----+
    |conv3d_layer_mul_bkb_U6  |conv3d_layer_mul_bkb  |        0|      4|  100|  50|
    +-------------------------+----------------------+---------+-------+-----+----+
    |Total                    |                      |        0|      4|  100|  50|
    +-------------------------+----------------------+---------+-------+-----+----+

    * DSP48: 
    N/A

    * Memory: 
    N/A

    * FIFO: 
    N/A

    * Expression: 
    +----------------------------------+----------+-------+-----+----+------------+------------+
    |           Variable Name          | Operation| DSP48E|  FF | LUT| Bitwidth P0| Bitwidth P1|
    +----------------------------------+----------+-------+-----+----+------------+------------+
    |i_1_fu_284_p2                     |     +    |      0|   98|  37|          31|           1|
    |tmp1_fu_339_p2                    |     +    |      0|    0|  32|          32|          32|
    |tmp_8_fu_346_p2                   |     +    |      0|    0|  32|          32|          32|
    |p_neg_fu_223_p2                   |     -    |      0|  101|  38|           1|          32|
    |p_neg_t_fu_243_p2                 |     -    |      0|   98|  37|           1|          31|
    |ap_block_pp0_stage0_flag00001001  |    and   |      0|    0|   2|           1|           1|
    |tmp_fu_279_p2                     |   icmp   |      0|    0|  16|          32|          32|
    |ap_block_pp0_stage0_flag00011001  |    or    |      0|    0|   2|           1|           1|
    |oc_fu_263_p3                      |  select  |      0|    0|  31|           1|          31|
    |ap_enable_pp0                     |    xor   |      0|    0|   2|           1|           2|
    |ap_enable_reg_pp0_iter1           |    xor   |      0|    0|   2|           1|           2|
    +----------------------------------+----------+-------+-----+----+------------+------------+
    |Total                             |          |      0|  297| 231|         134|         197|
    +----------------------------------+----------+-------+-----+----+------------+------------+

    * Multiplexer: 
    +----------------------------------+----+-----------+-----+-----------+
    |               Name               | LUT| Input Size| Bits| Total Bits|
    +----------------------------------+----+-----------+-----+-----------+
    |ap_NS_fsm                         |  17|          4|    1|          4|
    |ap_enable_reg_pp0_iter1           |   9|          2|    1|          2|
    |ap_enable_reg_pp0_iter12          |   9|          2|    1|          2|
    |ap_sig_ioackin_m_axi_mem_ARREADY  |   9|          2|    1|          2|
    |i_reg_204                         |   9|          2|   31|         62|
    |mem_blk_n_AR                      |   9|          2|    1|          2|
    |mem_blk_n_R                       |   9|          2|    1|          2|
    +----------------------------------+----+-----------+-----+-----------+
    |Total                             |  71|         16|   37|         76|
    +----------------------------------+----+-----------+-----+-----------+

    * Register: 
    +----------------------------------+----+----+-----+-----------+
    |               Name               | FF | LUT| Bits| Const Bits|
    +----------------------------------+----+----+-----+-----------+
    |ap_CS_fsm                         |   3|   0|    3|          0|
    |ap_enable_reg_pp0_iter0           |   1|   0|    1|          0|
    |ap_enable_reg_pp0_iter1           |   1|   0|    1|          0|
    |ap_enable_reg_pp0_iter10          |   1|   0|    1|          0|
    |ap_enable_reg_pp0_iter11          |   1|   0|    1|          0|
    |ap_enable_reg_pp0_iter12          |   1|   0|    1|          0|
    |ap_enable_reg_pp0_iter2           |   1|   0|    1|          0|
    |ap_enable_reg_pp0_iter3           |   1|   0|    1|          0|
    |ap_enable_reg_pp0_iter4           |   1|   0|    1|          0|
    |ap_enable_reg_pp0_iter5           |   1|   0|    1|          0|
    |ap_enable_reg_pp0_iter6           |   1|   0|    1|          0|
    |ap_enable_reg_pp0_iter7           |   1|   0|    1|          0|
    |ap_enable_reg_pp0_iter8           |   1|   0|    1|          0|
    |ap_enable_reg_pp0_iter9           |   1|   0|    1|          0|
    |ap_reg_ioackin_m_axi_mem_ARREADY  |   1|   0|    1|          0|
    |i_reg_204                         |  31|   0|   31|          0|
    |mem_addr_read_reg_456             |  32|   0|   32|          0|
    |normBRAM_0_addr_reg_400           |   3|   0|    3|          0|
    |normBRAM_1_addr_reg_405           |   3|   0|    3|          0|
    |normBRAM_2_addr_reg_410           |   3|   0|    3|          0|
    |normBRAM_3_addr_reg_415           |   3|   0|    3|          0|
    |normBRAM_4_addr_reg_420           |   3|   0|    3|          0|
    |normBRAM_5_addr_reg_425           |   3|   0|    3|          0|
    |normBRAM_6_addr_reg_430           |   3|   0|    3|          0|
    |normBRAM_7_addr_reg_435           |   3|   0|    3|          0|
    |oc_cast_reg_372                   |  32|   0|   32|          0|
    |tmp2_reg_395                      |  29|   0|   29|          0|
    |tmp_10_reg_386                    |   3|   0|    3|          0|
    |tmp_2_reg_440                     |  32|   0|   32|          0|
    |tmp_8_reg_445                     |  32|   0|   32|          0|
    |normBRAM_0_addr_reg_400           |  64|  32|    3|          0|
    |normBRAM_1_addr_reg_405           |  64|  32|    3|          0|
    |normBRAM_2_addr_reg_410           |  64|  32|    3|          0|
    |normBRAM_3_addr_reg_415           |  64|  32|    3|          0|
    |normBRAM_4_addr_reg_420           |  64|  32|    3|          0|
    |normBRAM_5_addr_reg_425           |  64|  32|    3|          0|
    |normBRAM_6_addr_reg_430           |  64|  32|    3|          0|
    |normBRAM_7_addr_reg_435           |  64|  32|    3|          0|
    |tmp2_reg_395                      |  64|  32|   29|          0|
    |tmp_10_reg_386                    |  64|  32|    3|          0|
    +----------------------------------+----+----+-----+-----------+
    |Total                             | 872| 320|  288|          0|
    +----------------------------------+----+----+-----+-----------+



================================================================
== Interface
================================================================
* Summary: 
+---------------------+-----+-----+------------+--------------+--------------+
|      RTL Ports      | Dir | Bits|  Protocol  | Source Object|    C Type    |
+---------------------+-----+-----+------------+--------------+--------------+
|ap_clk               |  in |    1| ap_ctrl_hs |  read_bnorm  | return value |
|ap_rst               |  in |    1| ap_ctrl_hs |  read_bnorm  | return value |
|ap_start             |  in |    1| ap_ctrl_hs |  read_bnorm  | return value |
|ap_done              | out |    1| ap_ctrl_hs |  read_bnorm  | return value |
|ap_idle              | out |    1| ap_ctrl_hs |  read_bnorm  | return value |
|ap_ready             | out |    1| ap_ctrl_hs |  read_bnorm  | return value |
|normBRAM_0_address0  | out |    3|  ap_memory |  normBRAM_0  |     array    |
|normBRAM_0_ce0       | out |    1|  ap_memory |  normBRAM_0  |     array    |
|normBRAM_0_we0       | out |    1|  ap_memory |  normBRAM_0  |     array    |
|normBRAM_0_d0        | out |   32|  ap_memory |  normBRAM_0  |     array    |
|normBRAM_1_address0  | out |    3|  ap_memory |  normBRAM_1  |     array    |
|normBRAM_1_ce0       | out |    1|  ap_memory |  normBRAM_1  |     array    |
|normBRAM_1_we0       | out |    1|  ap_memory |  normBRAM_1  |     array    |
|normBRAM_1_d0        | out |   32|  ap_memory |  normBRAM_1  |     array    |
|normBRAM_2_address0  | out |    3|  ap_memory |  normBRAM_2  |     array    |
|normBRAM_2_ce0       | out |    1|  ap_memory |  normBRAM_2  |     array    |
|normBRAM_2_we0       | out |    1|  ap_memory |  normBRAM_2  |     array    |
|normBRAM_2_d0        | out |   32|  ap_memory |  normBRAM_2  |     array    |
|normBRAM_3_address0  | out |    3|  ap_memory |  normBRAM_3  |     array    |
|normBRAM_3_ce0       | out |    1|  ap_memory |  normBRAM_3  |     array    |
|normBRAM_3_we0       | out |    1|  ap_memory |  normBRAM_3  |     array    |
|normBRAM_3_d0        | out |   32|  ap_memory |  normBRAM_3  |     array    |
|normBRAM_4_address0  | out |    3|  ap_memory |  normBRAM_4  |     array    |
|normBRAM_4_ce0       | out |    1|  ap_memory |  normBRAM_4  |     array    |
|normBRAM_4_we0       | out |    1|  ap_memory |  normBRAM_4  |     array    |
|normBRAM_4_d0        | out |   32|  ap_memory |  normBRAM_4  |     array    |
|normBRAM_5_address0  | out |    3|  ap_memory |  normBRAM_5  |     array    |
|normBRAM_5_ce0       | out |    1|  ap_memory |  normBRAM_5  |     array    |
|normBRAM_5_we0       | out |    1|  ap_memory |  normBRAM_5  |     array    |
|normBRAM_5_d0        | out |   32|  ap_memory |  normBRAM_5  |     array    |
|normBRAM_6_address0  | out |    3|  ap_memory |  normBRAM_6  |     array    |
|normBRAM_6_ce0       | out |    1|  ap_memory |  normBRAM_6  |     array    |
|normBRAM_6_we0       | out |    1|  ap_memory |  normBRAM_6  |     array    |
|normBRAM_6_d0        | out |   32|  ap_memory |  normBRAM_6  |     array    |
|normBRAM_7_address0  | out |    3|  ap_memory |  normBRAM_7  |     array    |
|normBRAM_7_ce0       | out |    1|  ap_memory |  normBRAM_7  |     array    |
|normBRAM_7_we0       | out |    1|  ap_memory |  normBRAM_7  |     array    |
|normBRAM_7_d0        | out |   32|  ap_memory |  normBRAM_7  |     array    |
|m_axi_mem_AWVALID    | out |    1|    m_axi   |      mem     |    pointer   |
|m_axi_mem_AWREADY    |  in |    1|    m_axi   |      mem     |    pointer   |
|m_axi_mem_AWADDR     | out |   64|    m_axi   |      mem     |    pointer   |
|m_axi_mem_AWID       | out |    1|    m_axi   |      mem     |    pointer   |
|m_axi_mem_AWLEN      | out |   32|    m_axi   |      mem     |    pointer   |
|m_axi_mem_AWSIZE     | out |    3|    m_axi   |      mem     |    pointer   |
|m_axi_mem_AWBURST    | out |    2|    m_axi   |      mem     |    pointer   |
|m_axi_mem_AWLOCK     | out |    2|    m_axi   |      mem     |    pointer   |
|m_axi_mem_AWCACHE    | out |    4|    m_axi   |      mem     |    pointer   |
|m_axi_mem_AWPROT     | out |    3|    m_axi   |      mem     |    pointer   |
|m_axi_mem_AWQOS      | out |    4|    m_axi   |      mem     |    pointer   |
|m_axi_mem_AWREGION   | out |    4|    m_axi   |      mem     |    pointer   |
|m_axi_mem_AWUSER     | out |    1|    m_axi   |      mem     |    pointer   |
|m_axi_mem_WVALID     | out |    1|    m_axi   |      mem     |    pointer   |
|m_axi_mem_WREADY     |  in |    1|    m_axi   |      mem     |    pointer   |
|m_axi_mem_WDATA      | out |   32|    m_axi   |      mem     |    pointer   |
|m_axi_mem_WSTRB      | out |    4|    m_axi   |      mem     |    pointer   |
|m_axi_mem_WLAST      | out |    1|    m_axi   |      mem     |    pointer   |
|m_axi_mem_WID        | out |    1|    m_axi   |      mem     |    pointer   |
|m_axi_mem_WUSER      | out |    1|    m_axi   |      mem     |    pointer   |
|m_axi_mem_ARVALID    | out |    1|    m_axi   |      mem     |    pointer   |
|m_axi_mem_ARREADY    |  in |    1|    m_axi   |      mem     |    pointer   |
|m_axi_mem_ARADDR     | out |   64|    m_axi   |      mem     |    pointer   |
|m_axi_mem_ARID       | out |    1|    m_axi   |      mem     |    pointer   |
|m_axi_mem_ARLEN      | out |   32|    m_axi   |      mem     |    pointer   |
|m_axi_mem_ARSIZE     | out |    3|    m_axi   |      mem     |    pointer   |
|m_axi_mem_ARBURST    | out |    2|    m_axi   |      mem     |    pointer   |
|m_axi_mem_ARLOCK     | out |    2|    m_axi   |      mem     |    pointer   |
|m_axi_mem_ARCACHE    | out |    4|    m_axi   |      mem     |    pointer   |
|m_axi_mem_ARPROT     | out |    3|    m_axi   |      mem     |    pointer   |
|m_axi_mem_ARQOS      | out |    4|    m_axi   |      mem     |    pointer   |
|m_axi_mem_ARREGION   | out |    4|    m_axi   |      mem     |    pointer   |
|m_axi_mem_ARUSER     | out |    1|    m_axi   |      mem     |    pointer   |
|m_axi_mem_RVALID     |  in |    1|    m_axi   |      mem     |    pointer   |
|m_axi_mem_RREADY     | out |    1|    m_axi   |      mem     |    pointer   |
|m_axi_mem_RDATA      |  in |   32|    m_axi   |      mem     |    pointer   |
|m_axi_mem_RLAST      |  in |    1|    m_axi   |      mem     |    pointer   |
|m_axi_mem_RID        |  in |    1|    m_axi   |      mem     |    pointer   |
|m_axi_mem_RUSER      |  in |    1|    m_axi   |      mem     |    pointer   |
|m_axi_mem_RRESP      |  in |    2|    m_axi   |      mem     |    pointer   |
|m_axi_mem_BVALID     |  in |    1|    m_axi   |      mem     |    pointer   |
|m_axi_mem_BREADY     | out |    1|    m_axi   |      mem     |    pointer   |
|m_axi_mem_BRESP      |  in |    2|    m_axi   |      mem     |    pointer   |
|m_axi_mem_BID        |  in |    1|    m_axi   |      mem     |    pointer   |
|m_axi_mem_BUSER      |  in |    1|    m_axi   |      mem     |    pointer   |
|norm_offset          |  in |   32|   ap_none  |  norm_offset |    scalar    |
|on_r                 |  in |   32|   ap_none  |     on_r     |    scalar    |
+---------------------+-----+-----+------------+--------------+--------------+

